Archive member included to satisfy reference by file (symbol)

/opt/gcc-arm-none-eabi-10.3-2021.10/bin/../lib/gcc/arm-none-eabi/10.3.1/../../../../arm-none-eabi/lib/thumb/v7e-m+fp/hard/libc_nano.a(lib_a-aeabi_atexit.o)
                              /home/tony/workdir/stm32h7xxcpplib/output/main.o (__aeabi_atexit)
/opt/gcc-arm-none-eabi-10.3-2021.10/bin/../lib/gcc/arm-none-eabi/10.3.1/../../../../arm-none-eabi/lib/thumb/v7e-m+fp/hard/libc_nano.a(lib_a-cxa_atexit.o)
                              /opt/gcc-arm-none-eabi-10.3-2021.10/bin/../lib/gcc/arm-none-eabi/10.3.1/../../../../arm-none-eabi/lib/thumb/v7e-m+fp/hard/libc_nano.a(lib_a-aeabi_atexit.o) (__cxa_atexit)
/opt/gcc-arm-none-eabi-10.3-2021.10/bin/../lib/gcc/arm-none-eabi/10.3.1/../../../../arm-none-eabi/lib/thumb/v7e-m+fp/hard/libc_nano.a(lib_a-exit.o)
                              /opt/gcc-arm-none-eabi-10.3-2021.10/bin/../lib/gcc/arm-none-eabi/10.3.1/../../../../arm-none-eabi/lib/thumb/v7e-m+fp/hard/crt0.o (exit)
/opt/gcc-arm-none-eabi-10.3-2021.10/bin/../lib/gcc/arm-none-eabi/10.3.1/../../../../arm-none-eabi/lib/thumb/v7e-m+fp/hard/libc_nano.a(lib_a-impure.o)
                              /opt/gcc-arm-none-eabi-10.3-2021.10/bin/../lib/gcc/arm-none-eabi/10.3.1/../../../../arm-none-eabi/lib/thumb/v7e-m+fp/hard/libc_nano.a(lib_a-exit.o) (_global_impure_ptr)
/opt/gcc-arm-none-eabi-10.3-2021.10/bin/../lib/gcc/arm-none-eabi/10.3.1/../../../../arm-none-eabi/lib/thumb/v7e-m+fp/hard/libc_nano.a(lib_a-init.o)
                              /opt/gcc-arm-none-eabi-10.3-2021.10/bin/../lib/gcc/arm-none-eabi/10.3.1/../../../../arm-none-eabi/lib/thumb/v7e-m+fp/hard/crt0.o (__libc_init_array)
/opt/gcc-arm-none-eabi-10.3-2021.10/bin/../lib/gcc/arm-none-eabi/10.3.1/../../../../arm-none-eabi/lib/thumb/v7e-m+fp/hard/libc_nano.a(lib_a-memcpy-stub.o)
                              /home/tony/workdir/stm32h7xxcpplib/output/mmem.o (memcpy)
/opt/gcc-arm-none-eabi-10.3-2021.10/bin/../lib/gcc/arm-none-eabi/10.3.1/../../../../arm-none-eabi/lib/thumb/v7e-m+fp/hard/libc_nano.a(lib_a-memset.o)
                              /opt/gcc-arm-none-eabi-10.3-2021.10/bin/../lib/gcc/arm-none-eabi/10.3.1/../../../../arm-none-eabi/lib/thumb/v7e-m+fp/hard/crt0.o (memset)
/opt/gcc-arm-none-eabi-10.3-2021.10/bin/../lib/gcc/arm-none-eabi/10.3.1/../../../../arm-none-eabi/lib/thumb/v7e-m+fp/hard/libc_nano.a(lib_a-on_exit_args.o)
                              /opt/gcc-arm-none-eabi-10.3-2021.10/bin/../lib/gcc/arm-none-eabi/10.3.1/../../../../arm-none-eabi/lib/thumb/v7e-m+fp/hard/libc_nano.a(lib_a-cxa_atexit.o) (__on_exit_args)
/opt/gcc-arm-none-eabi-10.3-2021.10/bin/../lib/gcc/arm-none-eabi/10.3.1/../../../../arm-none-eabi/lib/thumb/v7e-m+fp/hard/libc_nano.a(lib_a-printf.o)
                              /home/tony/workdir/stm32h7xxcpplib/output/main.o (printf)
/opt/gcc-arm-none-eabi-10.3-2021.10/bin/../lib/gcc/arm-none-eabi/10.3.1/../../../../arm-none-eabi/lib/thumb/v7e-m+fp/hard/libc_nano.a(lib_a-strncmp.o)
                              /home/tony/workdir/stm32h7xxcpplib/output/mobject.o (strncmp)
/opt/gcc-arm-none-eabi-10.3-2021.10/bin/../lib/gcc/arm-none-eabi/10.3.1/../../../../arm-none-eabi/lib/thumb/v7e-m+fp/hard/libc_nano.a(lib_a-strncpy.o)
                              /home/tony/workdir/stm32h7xxcpplib/output/mobject.o (strncpy)
/opt/gcc-arm-none-eabi-10.3-2021.10/bin/../lib/gcc/arm-none-eabi/10.3.1/../../../../arm-none-eabi/lib/thumb/v7e-m+fp/hard/libc_nano.a(lib_a-findfp.o)
                              /opt/gcc-arm-none-eabi-10.3-2021.10/bin/../lib/gcc/arm-none-eabi/10.3.1/../../../../arm-none-eabi/lib/thumb/v7e-m+fp/hard/libc_nano.a(lib_a-printf.o) (__sinit)
/opt/gcc-arm-none-eabi-10.3-2021.10/bin/../lib/gcc/arm-none-eabi/10.3.1/../../../../arm-none-eabi/lib/thumb/v7e-m+fp/hard/libc_nano.a(lib_a-fwalk.o)
                              /opt/gcc-arm-none-eabi-10.3-2021.10/bin/../lib/gcc/arm-none-eabi/10.3.1/../../../../arm-none-eabi/lib/thumb/v7e-m+fp/hard/libc_nano.a(lib_a-findfp.o) (_fwalk)
/opt/gcc-arm-none-eabi-10.3-2021.10/bin/../lib/gcc/arm-none-eabi/10.3.1/../../../../arm-none-eabi/lib/thumb/v7e-m+fp/hard/libc_nano.a(lib_a-lock.o)
                              /opt/gcc-arm-none-eabi-10.3-2021.10/bin/../lib/gcc/arm-none-eabi/10.3.1/../../../../arm-none-eabi/lib/thumb/v7e-m+fp/hard/libc_nano.a(lib_a-findfp.o) (__retarget_lock_init_recursive)
/opt/gcc-arm-none-eabi-10.3-2021.10/bin/../lib/gcc/arm-none-eabi/10.3.1/../../../../arm-none-eabi/lib/thumb/v7e-m+fp/hard/libc_nano.a(lib_a-nano-mallocr.o)
                              /opt/gcc-arm-none-eabi-10.3-2021.10/bin/../lib/gcc/arm-none-eabi/10.3.1/../../../../arm-none-eabi/lib/thumb/v7e-m+fp/hard/libc_nano.a(lib_a-findfp.o) (_malloc_r)
/opt/gcc-arm-none-eabi-10.3-2021.10/bin/../lib/gcc/arm-none-eabi/10.3.1/../../../../arm-none-eabi/lib/thumb/v7e-m+fp/hard/libc_nano.a(lib_a-nano-vfprintf.o)
[...]
Memory Configuration

Name             Origin             Length             Attributes
DTCMRAM          0x0000000020000000 0x0000000000020000 xrw
ITCMRAM          0x0000000000000000 0x0000000000010000 xrw
RAM_D1           0x0000000024000000 0x0000000000080000 xrw
RAM_D2           0x0000000030000000 0x0000000000048000 xrw
RAM_D3           0x0000000038000000 0x0000000000010000 xrw
FLASH            0x0000000008000000 0x0000000000200000 xr
*default*        0x0000000000000000 0xffffffffffffffff

Linker script and memory map

LOAD /opt/gcc-arm-none-eabi-10.3-2021.10/bin/../lib/gcc/arm-none-eabi/10.3.1/thumb/v7e-m+fp/hard/crti.o
LOAD /opt/gcc-arm-none-eabi-10.3-2021.10/bin/../lib/gcc/arm-none-eabi/10.3.1/thumb/v7e-m+fp/hard/crtbegin.o
LOAD /opt/gcc-arm-none-eabi-10.3-2021.10/bin/../lib/gcc/arm-none-eabi/10.3.1/../../../../arm-none-eabi/lib/thumb/v7e-m+fp/hard/crt0.o
LOAD /home/tony/workdir/stm32h7xxcpplib/output/startup_stm32h750xx.o
LOAD /home/tony/workdir/stm32h7xxcpplib/output/context_gcc.o
LOAD /home/tony/workdir/stm32h7xxcpplib/output/isrcommon.o
LOAD /home/tony/workdir/stm32h7xxcpplib/output/w25qxx.o
LOAD /home/tony/workdir/stm32h7xxcpplib/output/sdram.o
LOAD /home/tony/workdir/stm32h7xxcpplib/output/stm32h7xx_it.o
LOAD /home/tony/workdir/stm32h7xxcpplib/output/system_stm32h7xx.o
LOAD /home/tony/workdir/stm32h7xxcpplib/output/printfremap.o
LOAD /home/tony/workdir/stm32h7xxcpplib/output/main.o
LOAD /home/tony/workdir/stm32h7xxcpplib/output/board.o
LOAD /home/tony/workdir/stm32h7xxcpplib/output/cpuport.o
LOAD /home/tony/workdir/stm32h7xxcpplib/output/mclock.o
LOAD /home/tony/workdir/stm32h7xxcpplib/output/mcomponents.o
LOAD /home/tony/workdir/stm32h7xxcpplib/output/midle.o
LOAD /home/tony/workdir/stm32h7xxcpplib/output/mipc.o
LOAD /home/tony/workdir/stm32h7xxcpplib/output/mirq.o
LOAD /home/tony/workdir/stm32h7xxcpplib/output/mkservice.o
LOAD /home/tony/workdir/stm32h7xxcpplib/output/mmem.o
LOAD /home/tony/workdir/stm32h7xxcpplib/output/mobject.o
LOAD /home/tony/workdir/stm32h7xxcpplib/output/mscheduler.o
LOAD /home/tony/workdir/stm32h7xxcpplib/output/mthread.o
LOAD /home/tony/workdir/stm32h7xxcpplib/output/mtimer.o
LOAD /home/tony/workdir/stm32h7xxcpplib/output/delay.o
LOAD /home/tony/workdir/stm32h7xxcpplib/output/systeminit.o
LOAD /opt/gcc-arm-none-eabi-10.3-2021.10/bin/../lib/gcc/arm-none-eabi/10.3.1/../../../../arm-none-eabi/lib/thumb/v7e-m+fp/hard/libc_nano.a
LOAD /opt/gcc-arm-none-eabi-10.3-2021.10/bin/../lib/gcc/arm-none-eabi/10.3.1/../../../../arm-none-eabi/lib/thumb/v7e-m+fp/hard/libm.a
LOAD /opt/gcc-arm-none-eabi-10.3-2021.10/bin/../lib/gcc/arm-none-eabi/10.3.1/../../../../arm-none-eabi/lib/thumb/v7e-m+fp/hard/libstdc++_nano.a
LOAD /opt/gcc-arm-none-eabi-10.3-2021.10/bin/../lib/gcc/arm-none-eabi/10.3.1/../../../../arm-none-eabi/lib/thumb/v7e-m+fp/hard/libnosys.a
START GROUP
LOAD /opt/gcc-arm-none-eabi-10.3-2021.10/bin/../lib/gcc/arm-none-eabi/10.3.1/thumb/v7e-m+fp/hard/libgcc.a
LOAD /opt/gcc-arm-none-eabi-10.3-2021.10/bin/../lib/gcc/arm-none-eabi/10.3.1/../../../../arm-none-eabi/lib/thumb/v7e-m+fp/hard/libg_nano.a
LOAD /opt/gcc-arm-none-eabi-10.3-2021.10/bin/../lib/gcc/arm-none-eabi/10.3.1/../../../../arm-none-eabi/lib/thumb/v7e-m+fp/hard/libc_nano.a
END GROUP
START GROUP
LOAD /opt/gcc-arm-none-eabi-10.3-2021.10/bin/../lib/gcc/arm-none-eabi/10.3.1/thumb/v7e-m+fp/hard/libgcc.a
LOAD /opt/gcc-arm-none-eabi-10.3-2021.10/bin/../lib/gcc/arm-none-eabi/10.3.1/../../../../arm-none-eabi/lib/thumb/v7e-m+fp/hard/libc_nano.a
LOAD /opt/gcc-arm-none-eabi-10.3-2021.10/bin/../lib/gcc/arm-none-eabi/10.3.1/../../../../arm-none-eabi/lib/thumb/v7e-m+fp/hard/libnosys.a
END GROUP
START GROUP
LOAD /opt/gcc-arm-none-eabi-10.3-2021.10/bin/../lib/gcc/arm-none-eabi/10.3.1/thumb/v7e-m+fp/hard/libgcc.a
LOAD /opt/gcc-arm-none-eabi-10.3-2021.10/bin/../lib/gcc/arm-none-eabi/10.3.1/../../../../arm-none-eabi/lib/thumb/v7e-m+fp/hard/libc_nano.a
LOAD /opt/gcc-arm-none-eabi-10.3-2021.10/bin/../lib/gcc/arm-none-eabi/10.3.1/../../../../arm-none-eabi/lib/thumb/v7e-m+fp/hard/libnosys.a
END GROUP
LOAD /opt/gcc-arm-none-eabi-10.3-2021.10/bin/../lib/gcc/arm-none-eabi/10.3.1/thumb/v7e-m+fp/hard/crtend.o
LOAD /opt/gcc-arm-none-eabi-10.3-2021.10/bin/../lib/gcc/arm-none-eabi/10.3.1/thumb/v7e-m+fp/hard/crtn.o
                0x0000000024080000                _estack = (ORIGIN (RAM_D1) + LENGTH (RAM_D1))
                0x0000000000000200                _Min_Heap_Size = 0x200
                0x0000000000000400                _Min_Stack_Size = 0x400

.isr_vector     0x0000000008000000      0x298
                0x0000000008000000                . = ALIGN (0x4)
 *(.isr_vector)
 .isr_vector    0x0000000008000000      0x298 /home/tony/workdir/stm32h7xxcpplib/output/startup_stm32h750xx.o
                0x0000000008000000                g_pfnVectors
                0x0000000008000298                . = ALIGN (0x4)

.text           0x00000000080002a0     0x6e30
                0x00000000080002a0                . = ALIGN (0x4)
 *(.text)
 .text          0x00000000080002a0        0x0 /opt/gcc-arm-none-eabi-10.3-2021.10/bin/../lib/gcc/arm-none-eabi/10.3.1/thumb/v7e-m+fp/hard/crti.o
 .text          0x00000000080002a0       0x40 /opt/gcc-arm-none-eabi-10.3-2021.10/bin/../lib/gcc/arm-none-eabi/10.3.1/thumb/v7e-m+fp/hard/crtbegin.o
 .text          0x00000000080002e0       0x7c /opt/gcc-arm-none-eabi-10.3-2021.10/bin/../lib/gcc/arm-none-eabi/10.3.1/../../../../arm-none-eabi/lib/thumb/v7e-m+fp/hard/crt0.o
                0x00000000080002e0                _stack_init
                0x00000000080002e8                _mainCRTStartup
                0x00000000080002e8                _start
 .text          0x000000000800035c       0x14 /home/tony/workdir/stm32h7xxcpplib/output/startup_stm32h750xx.o
 .text          0x0000000008000370      0x134 /home/tony/workdir/stm32h7xxcpplib/output/context_gcc.o
                0x0000000008000370                hwInterruptDisable
                0x0000000008000378                hwInterruptEnable
                0x000000000800037e                hwContextSwitch
                0x000000000800037e                hwContextSwitchInterrupt
                0x000000000800039e                PendSV_Handler
                0x000000000800040a                hwContextSwitchTo
                0x0000000008000452                HardFault_Handler
 .text          0x00000000080004a4        0x0 /home/tony/workdir/stm32h7xxcpplib/output/isrcommon.o
 .text          0x00000000080004a4        0x0 /home/tony/workdir/stm32h7xxcpplib/output/w25qxx.o
 .text          0x00000000080004a4        0x0 /home/tony/workdir/stm32h7xxcpplib/output/sdram.o
 .text          0x00000000080004a4        0x0 /home/tony/workdir/stm32h7xxcpplib/output/stm32h7xx_it.o
 .text          0x00000000080004a4        0x0 /home/tony/workdir/stm32h7xxcpplib/output/system_stm32h7xx.o
 .text          0x00000000080004a4        0x0 /home/tony/workdir/stm32h7xxcpplib/output/printfremap.o
 .text          0x00000000080004a4        0x0 /home/tony/workdir/stm32h7xxcpplib/output/main.o
 .text          0x00000000080004a4        0x0 /home/tony/workdir/stm32h7xxcpplib/output/board.o
 .text          0x00000000080004a4        0x0 /home/tony/workdir/stm32h7xxcpplib/output/cpuport.o
 .text          0x00000000080004a4        0x0 /home/tony/workdir/stm32h7xxcpplib/output/mclock.o
 .text          0x00000000080004a4        0x0 /home/tony/workdir/stm32h7xxcpplib/output/mcomponents.o
 .text          0x00000000080004a4        0x0 /home/tony/workdir/stm32h7xxcpplib/output/midle.o
 .text          0x00000000080004a4        0x0 /home/tony/workdir/stm32h7xxcpplib/output/mipc.o
 .text          0x00000000080004a4        0x0 /home/tony/workdir/stm32h7xxcpplib/output/mirq.o
 .text          0x00000000080004a4        0x0 /home/tony/workdir/stm32h7xxcpplib/output/mkservice.o
 .text          0x00000000080004a4        0x0 /home/tony/workdir/stm32h7xxcpplib/output/mmem.o
 .text          0x00000000080004a4        0x0 /home/tony/workdir/stm32h7xxcpplib/output/mobject.o
 .text          0x00000000080004a4        0x0 /home/tony/workdir/stm32h7xxcpplib/output/mscheduler.o
 .text          0x00000000080004a4        0x0 /home/tony/workdir/stm32h7xxcpplib/output/mthread.o
 .text          0x00000000080004a4        0x0 /home/tony/workdir/stm32h7xxcpplib/output/mtimer.o
 .text          0x00000000080004a4        0x0 /home/tony/workdir/stm32h7xxcpplib/output/delay.o
 .text          0x00000000080004a4        0x0 /home/tony/workdir/stm32h7xxcpplib/output/systeminit.o
 .text          0x00000000080004a4        0x0 /opt/gcc-arm-none-eabi-10.3-2021.10/bin/../lib/gcc/arm-none-eabi/10.3.1/../../../../arm-none-eabi/lib/thumb/v7e-m+fp/hard/libc_nano.a(lib_a-aeabi_atexit.o)
 .text          0x00000000080004a4        0x0 /opt/gcc-arm-none-eabi-10.3-2021.10/bin/../lib/gcc/arm-none-eabi/10.3.1/../../../../arm-none-eabi/lib/thumb/v7e-m+fp/hard/libc_nano.a(lib_a-cxa_atexit.o)
 .text          0x00000000080004a4        0x0 /opt/gcc-arm-none-eabi-10.3-2021.10/bin/../lib/gcc/arm-none-eabi/10.3.1/../../../../arm-none-eabi/lib/thumb/v7e-m+fp/hard/libc_nano.a(lib_a-exit.o)
 .text          0x00000000080004a4        0x0 /opt/gcc-arm-none-eabi-10.3-2021.10/bin/../lib/gcc/arm-none-eabi/10.3.1/../../../../arm-none-eabi/lib/thumb/v7e-m+fp/hard/libc_nano.a(lib_a-impure.o)
 .text          0x00000000080004a4        0x0 /opt/gcc-arm-none-eabi-10.3-2021.10/bin/../lib/gcc/arm-none-eabi/10.3.1/../../../../arm-none-eabi/lib/thumb/v7e-m+fp/hard/libc_nano.a(lib_a-init.o)
 .text          0x00000000080004a4        0x0 /opt/gcc-arm-none-eabi-10.3-2021.10/bin/../lib/gcc/arm-none-eabi/10.3.1/../../../../arm-none-eabi/lib/thumb/v7e-m+fp/hard/libc_nano.a(lib_a-memcpy-stub.o)
 .text          0x00000000080004a4        0x0 /opt/gcc-arm-none-eabi-10.3-2021.10/bin/../lib/gcc/arm-none-eabi/10.3.1/../../../../arm-none-eabi/lib/thumb/v7e-m+fp/hard/libc_nano.a(lib_a-memset.o)
 .text          0x00000000080004a4        0x0 /opt/gcc-arm-none-eabi-10.3-2021.10/bin/../lib/gcc/arm-none-eabi/10.3.1/../../../../arm-none-eabi/lib/thumb/v7e-m+fp/hard/libc_nano.a(lib_a-on_exit_args.o)
 .text          0x00000000080004a4        0x0 /opt/gcc-arm-none-eabi-10.3-2021.10/bin/../lib/gcc/arm-none-eabi/10.3.1/../../../../arm-none-eabi/lib/thumb/v7e-m+fp/hard/libc_nano.a(lib_a-printf.o)
 .text          0x00000000080004a4        0x0 /opt/gcc-arm-none-eabi-10.3-2021.10/bin/../lib/gcc/arm-none-eabi/10.3.1/../../../../arm-none-eabi/lib/thumb/v7e-m+fp/hard/libc_nano.a(lib_a-strncmp.o)
 .text          0x00000000080004a4        0x0 /opt/gcc-arm-none-eabi-10.3-2021.10/bin/../lib/gcc/arm-none-eabi/10.3.1/../../../../arm-none-eabi/lib/thumb/v7e-m+fp/hard/libc_nano.a(lib_a-strncpy.o)
 .text          0x00000000080004a4        0x0 /opt/gcc-arm-none-eabi-10.3-2021.10/bin/../lib/gcc/arm-none-eabi/10.3.1/../../../../arm-none-eabi/lib/thumb/v7e-m+fp/hard/libc_nano.a(lib_a-findfp.o)
 .text          0x00000000080004a4        0x0 /opt/gcc-arm-none-eabi-10.3-2021.10/bin/../lib/gcc/arm-none-eabi/10.3.1/../../../../arm-none-eabi/lib/thumb/v7e-m+fp/hard/libc_nano.a(lib_a-fwalk.o)
 .text          0x00000000080004a4        0x0 /opt/gcc-arm-none-eabi-10.3-2021.10/bin/../lib/gcc/arm-none-eabi/10.3.1/../../../../arm-none-eabi/lib/thumb/v7e-m+fp/hard/libc_nano.a(lib_a-lock.o)
 .text          0x00000000080004a4        0x0 /opt/gcc-arm-none-eabi-10.3-2021.10/bin/../lib/gcc/arm-none-eabi/10.3.1/../../../../arm-none-eabi/lib/thumb/v7e-m+fp/hard/libc_nano.a(lib_a-nano-mallocr.o)
 .text          0x00000000080004a4        0x0 /opt/gcc-arm-none-eabi-10.3-2021.10/bin/../lib/gcc/arm-none-eabi/10.3.1/../../../../arm-none-eabi/lib/thumb/v7e-m+fp/hard/libc_nano.a(lib_a-nano-vfprintf.o)
 .text          0x00000000080004a4        0x0 /opt/gcc-arm-none-eabi-10.3-2021.10/bin/../lib/gcc/arm-none-eabi/10.3.1/../../../../arm-none-eabi/lib/thumb/v7e-m+fp/hard/libc_nano.a(lib_a-nano-vfprintf_i.o)
 .text          0x00000000080004a4        0x0 /opt/gcc-arm-none-eabi-10.3-2021.10/bin/../lib/gcc/arm-none-eabi/10.3.1/../../../../arm-none-eabi/lib/thumb/v7e-m+fp/hard/libc_nano.a(lib_a-sbrkr.o)
 .text          0x00000000080004a4        0x0 /opt/gcc-arm-none-eabi-10.3-2021.10/bin/../lib/gcc/arm-none-eabi/10.3.1/../../../../arm-none-eabi/lib/thumb/v7e-m+fp/hard/libc_nano.a(lib_a-stdio.o)
 .text          0x00000000080004a4        0x0 /opt/gcc-arm-none-eabi-10.3-2021.10/bin/../lib/gcc/arm-none-eabi/10.3.1/../../../../arm-none-eabi/lib/thumb/v7e-m+fp/hard/libc_nano.a(lib_a-wbuf.o)
 .text          0x00000000080004a4        0x0 /opt/gcc-arm-none-eabi-10.3-2021.10/bin/../lib/gcc/arm-none-eabi/10.3.1/../../../../arm-none-eabi/lib/thumb/v7e-m+fp/hard/libc_nano.a(lib_a-writer.o)
 .text          0x00000000080004a4        0x0 /opt/gcc-arm-none-eabi-10.3-2021.10/bin/../lib/gcc/arm-none-eabi/10.3.1/../../../../arm-none-eabi/lib/thumb/v7e-m+fp/hard/libc_nano.a(lib_a-wsetup.o)
 .text          0x00000000080004a4        0x0 /opt/gcc-arm-none-eabi-10.3-2021.10/bin/../lib/gcc/arm-none-eabi/10.3.1/../../../../arm-none-eabi/lib/thumb/v7e-m+fp/hard/libc_nano.a(lib_a-closer.o)
 .text          0x00000000080004a4        0x0 /opt/gcc-arm-none-eabi-10.3-2021.10/bin/../lib/gcc/arm-none-eabi/10.3.1/../../../../arm-none-eabi/lib/thumb/v7e-m+fp/hard/libc_nano.a(lib_a-fflush.o)
 .text          0x00000000080004a4        0x0 /opt/gcc-arm-none-eabi-10.3-2021.10/bin/../lib/gcc/arm-none-eabi/10.3.1/../../../../arm-none-eabi/lib/thumb/v7e-m+fp/hard/libc_nano.a(lib_a-fvwrite.o)
 .text          0x00000000080004a4        0x0 /opt/gcc-arm-none-eabi-10.3-2021.10/bin/../lib/gcc/arm-none-eabi/10.3.1/../../../../arm-none-eabi/lib/thumb/v7e-m+fp/hard/libc_nano.a(lib_a-lseekr.o)
 .text          0x00000000080004a4        0x0 /opt/gcc-arm-none-eabi-10.3-2021.10/bin/../lib/gcc/arm-none-eabi/10.3.1/../../../../arm-none-eabi/lib/thumb/v7e-m+fp/hard/libc_nano.a(lib_a-makebuf.o)
 *fill*         0x00000000080004a4        0xc 
 .text          0x00000000080004b0       0xa0 /opt/gcc-arm-none-eabi-10.3-2021.10/bin/../lib/gcc/arm-none-eabi/10.3.1/../../../../arm-none-eabi/lib/thumb/v7e-m+fp/hard/libc_nano.a(lib_a-memchr.o)
                0x00000000080004b0                memchr
 .text          0x0000000008000550        0x0 /opt/gcc-arm-none-eabi-10.3-2021.10/bin/../lib/gcc/arm-none-eabi/10.3.1/../../../../arm-none-eabi/lib/thumb/v7e-m+fp/hard/libc_nano.a(lib_a-memmove.o)
 .text          0x0000000008000550        0x0 /opt/gcc-arm-none-eabi-10.3-2021.10/bin/../lib/gcc/arm-none-eabi/10.3.1/../../../../arm-none-eabi/lib/thumb/v7e-m+fp/hard/libc_nano.a(lib_a-mlock.o)
 .text          0x0000000008000550        0x0 /opt/gcc-arm-none-eabi-10.3-2021.10/bin/../lib/gcc/arm-none-eabi/10.3.1/../../../../arm-none-eabi/lib/thumb/v7e-m+fp/hard/libc_nano.a(lib_a-nano-freer.o)
 .text          0x0000000008000550        0x0 /opt/gcc-arm-none-eabi-10.3-2021.10/bin/../lib/gcc/arm-none-eabi/10.3.1/../../../../arm-none-eabi/lib/thumb/v7e-m+fp/hard/libc_nano.a(lib_a-nano-reallocr.o)
 .text          0x0000000008000550        0x0 /opt/gcc-arm-none-eabi-10.3-2021.10/bin/../lib/gcc/arm-none-eabi/10.3.1/../../../../arm-none-eabi/lib/thumb/v7e-m+fp/hard/libc_nano.a(lib_a-readr.o)
 .text          0x0000000008000550        0x0 /opt/gcc-arm-none-eabi-10.3-2021.10/bin/../lib/gcc/arm-none-eabi/10.3.1/../../../../arm-none-eabi/lib/thumb/v7e-m+fp/hard/libc_nano.a(lib_a-reent.o)
 .text          0x0000000008000550        0x0 /opt/gcc-arm-none-eabi-10.3-2021.10/bin/../lib/gcc/arm-none-eabi/10.3.1/../../../../arm-none-eabi/lib/thumb/v7e-m+fp/hard/libc_nano.a(lib_a-fstatr.o)
 .text          0x0000000008000550        0x0 /opt/gcc-arm-none-eabi-10.3-2021.10/bin/../lib/gcc/arm-none-eabi/10.3.1/../../../../arm-none-eabi/lib/thumb/v7e-m+fp/hard/libc_nano.a(lib_a-isattyr.o)
 .text          0x0000000008000550        0x0 /opt/gcc-arm-none-eabi-10.3-2021.10/bin/../lib/gcc/arm-none-eabi/10.3.1/../../../../arm-none-eabi/lib/thumb/v7e-m+fp/hard/libc_nano.a(lib_a-nano-msizer.o)
 .text          0x0000000008000550        0x0 /opt/gcc-arm-none-eabi-10.3-2021.10/bin/../lib/gcc/arm-none-eabi/10.3.1/../../../../arm-none-eabi/lib/thumb/v7e-m+fp/hard/libstdc++_nano.a(guard.o)
 .text          0x0000000008000550        0x0 /opt/gcc-arm-none-eabi-10.3-2021.10/bin/../lib/gcc/arm-none-eabi/10.3.1/../../../../arm-none-eabi/lib/thumb/v7e-m+fp/hard/libnosys.a(close.o)
 .text          0x0000000008000550        0x0 /opt/gcc-arm-none-eabi-10.3-2021.10/bin/../lib/gcc/arm-none-eabi/10.3.1/../../../../arm-none-eabi/lib/thumb/v7e-m+fp/hard/libnosys.a(fstat.o)
 .text          0x0000000008000550        0x0 /opt/gcc-arm-none-eabi-10.3-2021.10/bin/../lib/gcc/arm-none-eabi/10.3.1/../../../../arm-none-eabi/lib/thumb/v7e-m+fp/hard/libnosys.a(isatty.o)
 .text          0x0000000008000550        0x0 /opt/gcc-arm-none-eabi-10.3-2021.10/bin/../lib/gcc/arm-none-eabi/10.3.1/../../../../arm-none-eabi/lib/thumb/v7e-m+fp/hard/libnosys.a(lseek.o)
 .text          0x0000000008000550        0x0 /opt/gcc-arm-none-eabi-10.3-2021.10/bin/../lib/gcc/arm-none-eabi/10.3.1/../../../../arm-none-eabi/lib/thumb/v7e-m+fp/hard/libnosys.a(sbrk.o)
 .text          0x0000000008000550        0x0 /opt/gcc-arm-none-eabi-10.3-2021.10/bin/../lib/gcc/arm-none-eabi/10.3.1/../../../../arm-none-eabi/lib/thumb/v7e-m+fp/hard/libnosys.a(_exit.o)
 .text          0x0000000008000550        0x0 /opt/gcc-arm-none-eabi-10.3-2021.10/bin/../lib/gcc/arm-none-eabi/10.3.1/thumb/v7e-m+fp/hard/crtend.o
 .text          0x0000000008000550        0x0 /opt/gcc-arm-none-eabi-10.3-2021.10/bin/../lib/gcc/arm-none-eabi/10.3.1/thumb/v7e-m+fp/hard/crtn.o
 *(.text*)
 .text.Reset_Handler
                0x0000000008000550       0x50 /home/tony/workdir/stm32h7xxcpplib/output/startup_stm32h750xx.o
                0x0000000008000550                Reset_Handler
 .text.Default_Handler
                0x00000000080005a0        0x2 /home/tony/workdir/stm32h7xxcpplib/output/startup_stm32h750xx.o
                0x00000000080005a0                HASH_RNG_IRQHandler
                0x00000000080005a0                HRTIM1_Master_IRQHandler
                0x00000000080005a0                SPI4_IRQHandler
                0x00000000080005a0                HRTIM1_FLT_IRQHandler
                0x00000000080005a0                JPEG_IRQHandler
                0x00000000080005a0                HRTIM1_TIMD_IRQHandler
                0x00000000080005a0                DFSDM1_FLT1_IRQHandler
                0x00000000080005a0                I2C3_ER_IRQHandler
                0x00000000080005a0                DFSDM1_FLT2_IRQHandler
                0x00000000080005a0                MDMA_IRQHandler
                0x00000000080005a0                HSEM1_IRQHandler
                0x00000000080005a0                I2C2_EV_IRQHandler
                0x00000000080005a0                FPU_IRQHandler
                0x00000000080005a0                OTG_HS_WKUP_IRQHandler
                0x00000000080005a0                FDCAN1_IT1_IRQHandler
                0x00000000080005a0                LTDC_ER_IRQHandler
                0x00000000080005a0                HRTIM1_TIME_IRQHandler
                0x00000000080005a0                SPI1_IRQHandler
                0x00000000080005a0                DCMI_IRQHandler
                0x00000000080005a0                HRTIM1_TIMC_IRQHandler
                0x00000000080005a0                SAI2_IRQHandler
                0x00000000080005a0                DFSDM1_FLT3_IRQHandler
                0x00000000080005a0                CRYP_IRQHandler
                0x00000000080005a0                ADC3_IRQHandler
                0x00000000080005a0                QUADSPI_IRQHandler
                0x00000000080005a0                I2C1_EV_IRQHandler
                0x00000000080005a0                RCC_IRQHandler
                0x00000000080005a0                Default_Handler
                0x00000000080005a0                ECC_IRQHandler
                0x00000000080005a0                CEC_IRQHandler
                0x00000000080005a0                ADC_IRQHandler
                0x00000000080005a0                HRTIM1_TIMA_IRQHandler
                0x00000000080005a0                SPI5_IRQHandler
                0x00000000080005a0                SDMMC1_IRQHandler
                0x00000000080005a0                PVD_AVD_IRQHandler
                0x00000000080005a0                I2C3_EV_IRQHandler
                0x00000000080005a0                LTDC_IRQHandler
                0x00000000080005a0                SAI3_IRQHandler
                0x00000000080005a0                ETH_WKUP_IRQHandler
                0x00000000080005a0                SPDIF_RX_IRQHandler
                0x00000000080005a0                SPI2_IRQHandler
                0x00000000080005a0                OTG_HS_EP1_IN_IRQHandler
                0x00000000080005a0                SVC_Handler
                0x00000000080005a0                CRS_IRQHandler
                0x00000000080005a0                HRTIM1_TIMB_IRQHandler
                0x00000000080005a0                FDCAN2_IT1_IRQHandler
                0x00000000080005a0                ETH_IRQHandler
                0x00000000080005a0                OTG_HS_EP1_OUT_IRQHandler
                0x00000000080005a0                SPI6_IRQHandler
                0x00000000080005a0                MDIOS_IRQHandler
                0x00000000080005a0                I2C4_EV_IRQHandler
                0x00000000080005a0                FDCAN2_IT0_IRQHandler
                0x00000000080005a0                LPUART1_IRQHandler
                0x00000000080005a0                FDCAN1_IT0_IRQHandler
                0x00000000080005a0                OTG_FS_WKUP_IRQHandler
                0x00000000080005a0                OTG_HS_IRQHandler
                0x00000000080005a0                DMA2D_IRQHandler
                0x00000000080005a0                SDMMC2_IRQHandler
                0x00000000080005a0                OTG_FS_EP1_OUT_IRQHandler
                0x00000000080005a0                MDIOS_WKUP_IRQHandler
                0x00000000080005a0                DFSDM1_FLT0_IRQHandler
                0x00000000080005a0                SAI4_IRQHandler
                0x00000000080005a0                I2C2_ER_IRQHandler
                0x00000000080005a0                FLASH_IRQHandler
                0x00000000080005a0                OTG_FS_IRQHandler
                0x00000000080005a0                SPI3_IRQHandler
                0x00000000080005a0                WAKEUP_PIN_IRQHandler
                0x00000000080005a0                OTG_FS_EP1_IN_IRQHandler
                0x00000000080005a0                I2C1_ER_IRQHandler
                0x00000000080005a0                FMC_IRQHandler
                0x00000000080005a0                FDCAN_CAL_IRQHandler
                0x00000000080005a0                SWPMI1_IRQHandler
                0x00000000080005a0                COMP1_IRQHandler
                0x00000000080005a0                I2C4_ER_IRQHandler
                0x00000000080005a0                SAI1_IRQHandler
 *fill*         0x00000000080005a2        0x2 
 .text.registerUsartIsrCb
                0x00000000080005a4       0xa4 /home/tony/workdir/stm32h7xxcpplib/output/isrcommon.o
                0x00000000080005a4                registerUsartIsrCb
 .text.unRegisterUsartIsrCb
                0x0000000008000648       0xb4 /home/tony/workdir/stm32h7xxcpplib/output/isrcommon.o
                0x0000000008000648                unRegisterUsartIsrCb
 .text.usartxIsrCallback
                0x00000000080006fc       0x34 /home/tony/workdir/stm32h7xxcpplib/output/isrcommon.o
                0x00000000080006fc                usartxIsrCallback
 .text.USART1_IRQHandler
                0x0000000008000730        0xc /home/tony/workdir/stm32h7xxcpplib/output/isrcommon.o
                0x0000000008000730                USART1_IRQHandler
 .text.USART2_IRQHandler
                0x000000000800073c        0xc /home/tony/workdir/stm32h7xxcpplib/output/isrcommon.o
                0x000000000800073c                USART2_IRQHandler
 .text.USART3_IRQHandler
                0x0000000008000748        0xc /home/tony/workdir/stm32h7xxcpplib/output/isrcommon.o
                0x0000000008000748                USART3_IRQHandler
 .text.UART4_IRQHandler
                0x0000000008000754        0xc /home/tony/workdir/stm32h7xxcpplib/output/isrcommon.o
                0x0000000008000754                UART4_IRQHandler
 .text.UART5_IRQHandler
                0x0000000008000760        0xc /home/tony/workdir/stm32h7xxcpplib/output/isrcommon.o
                0x0000000008000760                UART5_IRQHandler
 .text.USART6_IRQHandler
                0x000000000800076c        0xc /home/tony/workdir/stm32h7xxcpplib/output/isrcommon.o
                0x000000000800076c                USART6_IRQHandler
 .text.UART7_IRQHandler
                0x0000000008000778        0xc /home/tony/workdir/stm32h7xxcpplib/output/isrcommon.o
                0x0000000008000778                UART7_IRQHandler
 .text.UART8_IRQHandler
                0x0000000008000784        0xc /home/tony/workdir/stm32h7xxcpplib/output/isrcommon.o
                0x0000000008000784                UART8_IRQHandler
 .text.registerGpioIsrCb
                0x0000000008000790       0x20 /home/tony/workdir/stm32h7xxcpplib/output/isrcommon.o
                0x0000000008000790                registerGpioIsrCb
 .text.unRegisterGpioIsrCb
                0x00000000080007b0       0x30 /home/tony/workdir/stm32h7xxcpplib/output/isrcommon.o
                0x00000000080007b0                unRegisterGpioIsrCb
 .text.gpioxIsrCallback
                0x00000000080007e0       0x30 /home/tony/workdir/stm32h7xxcpplib/output/isrcommon.o
                0x00000000080007e0                gpioxIsrCallback
 .text.EXTI0_IRQHandler
                0x0000000008000810       0x1a /home/tony/workdir/stm32h7xxcpplib/output/isrcommon.o
                0x0000000008000810                EXTI0_IRQHandler
 .text.EXTI1_IRQHandler
                0x000000000800082a       0x1a /home/tony/workdir/stm32h7xxcpplib/output/isrcommon.o
                0x000000000800082a                EXTI1_IRQHandler
 .text.EXTI2_IRQHandler
                0x0000000008000844       0x1a /home/tony/workdir/stm32h7xxcpplib/output/isrcommon.o
                0x0000000008000844                EXTI2_IRQHandler
 .text.EXTI3_IRQHandler
                0x000000000800085e       0x1a /home/tony/workdir/stm32h7xxcpplib/output/isrcommon.o
                0x000000000800085e                EXTI3_IRQHandler
 .text.EXTI4_IRQHandler
                0x0000000008000878       0x1a /home/tony/workdir/stm32h7xxcpplib/output/isrcommon.o
                0x0000000008000878                EXTI4_IRQHandler
 .text.EXTI9_5_IRQHandler
                0x0000000008000892       0x66 /home/tony/workdir/stm32h7xxcpplib/output/isrcommon.o
                0x0000000008000892                EXTI9_5_IRQHandler
 .text.EXTI15_10_IRQHandler
                0x00000000080008f8       0x80 /home/tony/workdir/stm32h7xxcpplib/output/isrcommon.o
                0x00000000080008f8                EXTI15_10_IRQHandler
 .text.registerWwdgIsrCb
                0x0000000008000978        0xc /home/tony/workdir/stm32h7xxcpplib/output/isrcommon.o
                0x0000000008000978                registerWwdgIsrCb
 .text.unRegisterWwdgIsrCb
                0x0000000008000984       0x10 /home/tony/workdir/stm32h7xxcpplib/output/isrcommon.o
                0x0000000008000984                unRegisterWwdgIsrCb
 .text.WWDG_IRQHandler
                0x0000000008000994       0x10 /home/tony/workdir/stm32h7xxcpplib/output/isrcommon.o
                0x0000000008000994                WWDG_IRQHandler
 .text.registerTimIsrCb
                0x00000000080009a4      0x124 /home/tony/workdir/stm32h7xxcpplib/output/isrcommon.o
                0x00000000080009a4                registerTimIsrCb
 .text.unRegisterTimIsrCb
                0x0000000008000ac8      0x13c /home/tony/workdir/stm32h7xxcpplib/output/isrcommon.o
                0x0000000008000ac8                unRegisterTimIsrCb
 .text.timxIsrCallback
                0x0000000008000c04       0x30 /home/tony/workdir/stm32h7xxcpplib/output/isrcommon.o
                0x0000000008000c04                timxIsrCallback
 .text.handlerISREvent
                0x0000000008000c34      0x10e /home/tony/workdir/stm32h7xxcpplib/output/isrcommon.o
 *fill*         0x0000000008000d42        0x2 
 .text.TIM1_BRK_IRQHandler
                0x0000000008000d44        0xc /home/tony/workdir/stm32h7xxcpplib/output/isrcommon.o
                0x0000000008000d44                TIM1_BRK_IRQHandler
 .text.TIM1_UP_IRQHandler
                0x0000000008000d50        0x4 /home/tony/workdir/stm32h7xxcpplib/output/isrcommon.o
                0x0000000008000d50                TIM1_UP_IRQHandler
 .text.TIM1_TRG_COM_IRQHandler
                0x0000000008000d54        0x4 /home/tony/workdir/stm32h7xxcpplib/output/isrcommon.o
                0x0000000008000d54                TIM1_TRG_COM_IRQHandler
 .text.TIM1_CC_IRQHandler
                0x0000000008000d58        0x4 /home/tony/workdir/stm32h7xxcpplib/output/isrcommon.o
                0x0000000008000d58                TIM1_CC_IRQHandler
 .text.TIM2_IRQHandler
                0x0000000008000d5c        0x8 /home/tony/workdir/stm32h7xxcpplib/output/isrcommon.o
                0x0000000008000d5c                TIM2_IRQHandler
 .text.TIM3_IRQHandler
                0x0000000008000d64        0xc /home/tony/workdir/stm32h7xxcpplib/output/isrcommon.o
                0x0000000008000d64                TIM3_IRQHandler
 .text.TIM4_IRQHandler
                0x0000000008000d70        0xc /home/tony/workdir/stm32h7xxcpplib/output/isrcommon.o
                0x0000000008000d70                TIM4_IRQHandler
 .text.TIM5_IRQHandler
                0x0000000008000d7c        0xc /home/tony/workdir/stm32h7xxcpplib/output/isrcommon.o
                0x0000000008000d7c                TIM5_IRQHandler
 .text.TIM6_DAC_IRQHandler
                0x0000000008000d88        0xc /home/tony/workdir/stm32h7xxcpplib/output/isrcommon.o
                0x0000000008000d88                TIM6_DAC_IRQHandler
 .text.TIM7_IRQHandler
                0x0000000008000d94        0xc /home/tony/workdir/stm32h7xxcpplib/output/isrcommon.o
                0x0000000008000d94                TIM7_IRQHandler
 .text.TIM8_BRK_TIM12_IRQHandler
                0x0000000008000da0       0x18 /home/tony/workdir/stm32h7xxcpplib/output/isrcommon.o
                0x0000000008000da0                TIM8_BRK_TIM12_IRQHandler
 .text.TIM8_UP_TIM13_IRQHandler
                0x0000000008000db8       0x18 /home/tony/workdir/stm32h7xxcpplib/output/isrcommon.o
                0x0000000008000db8                TIM8_UP_TIM13_IRQHandler
 .text.TIM8_TRG_COM_TIM14_IRQHandler
                0x0000000008000dd0       0x20 /home/tony/workdir/stm32h7xxcpplib/output/isrcommon.o
                0x0000000008000dd0                TIM8_TRG_COM_TIM14_IRQHandler
 .text.TIM8_CC_IRQHandler
                0x0000000008000df0        0xc /home/tony/workdir/stm32h7xxcpplib/output/isrcommon.o
                0x0000000008000df0                TIM8_CC_IRQHandler
 .text.TIM15_IRQHandler
                0x0000000008000dfc        0xc /home/tony/workdir/stm32h7xxcpplib/output/isrcommon.o
                0x0000000008000dfc                TIM15_IRQHandler
 .text.TIM16_IRQHandler
                0x0000000008000e08        0xc /home/tony/workdir/stm32h7xxcpplib/output/isrcommon.o
                0x0000000008000e08                TIM16_IRQHandler
 .text.TIM17_IRQHandler
                0x0000000008000e14        0xc /home/tony/workdir/stm32h7xxcpplib/output/isrcommon.o
                0x0000000008000e14                TIM17_IRQHandler
 .text.registerLPTimIsrCb
                0x0000000008000e20       0x68 /home/tony/workdir/stm32h7xxcpplib/output/isrcommon.o
                0x0000000008000e20                registerLPTimIsrCb
 .text.unRegisterLPTimIsrCb
                0x0000000008000e88       0x74 /home/tony/workdir/stm32h7xxcpplib/output/isrcommon.o
                0x0000000008000e88                unRegisterLPTimIsrCb
 .text.lptimxIsrCallback
                0x0000000008000efc       0x30 /home/tony/workdir/stm32h7xxcpplib/output/isrcommon.o
                0x0000000008000efc                lptimxIsrCallback
 .text.lptimHandlerISREvent
                0x0000000008000f2c       0xcc /home/tony/workdir/stm32h7xxcpplib/output/isrcommon.o
                0x0000000008000f2c                lptimHandlerISREvent
 .text.LPTIM1_IRQHandler
                0x0000000008000ff8        0xc /home/tony/workdir/stm32h7xxcpplib/output/isrcommon.o
                0x0000000008000ff8                LPTIM1_IRQHandler
 .text.LPTIM2_IRQHandler
                0x0000000008001004        0xc /home/tony/workdir/stm32h7xxcpplib/output/isrcommon.o
                0x0000000008001004                LPTIM2_IRQHandler
 .text.LPTIM3_IRQHandler
                0x0000000008001010        0xc /home/tony/workdir/stm32h7xxcpplib/output/isrcommon.o
                0x0000000008001010                LPTIM3_IRQHandler
 .text.LPTIM4_IRQHandler
                0x000000000800101c        0xc /home/tony/workdir/stm32h7xxcpplib/output/isrcommon.o
                0x000000000800101c                LPTIM4_IRQHandler
 .text.LPTIM5_IRQHandler
                0x0000000008001028        0xc /home/tony/workdir/stm32h7xxcpplib/output/isrcommon.o
                0x0000000008001028                LPTIM5_IRQHandler
 .text.registerDMAIsrCb
                0x0000000008001034      0x138 /home/tony/workdir/stm32h7xxcpplib/output/isrcommon.o
                0x0000000008001034                registerDMAIsrCb
 .text.unRegisterDMAIsrCb
                0x000000000800116c       0x2c /home/tony/workdir/stm32h7xxcpplib/output/isrcommon.o
                0x000000000800116c                unRegisterDMAIsrCb
 .text.registerBDMAIsrCb
                0x0000000008001198       0x9c /home/tony/workdir/stm32h7xxcpplib/output/isrcommon.o
                0x0000000008001198                registerBDMAIsrCb
 .text.unRegisterBDMAIsrCb
                0x0000000008001234       0x2c /home/tony/workdir/stm32h7xxcpplib/output/isrcommon.o
                0x0000000008001234                unRegisterBDMAIsrCb
 .text.DMA1_Stream0_IRQHandler
                0x0000000008001260       0xb0 /home/tony/workdir/stm32h7xxcpplib/output/isrcommon.o
                0x0000000008001260                DMA1_Stream0_IRQHandler
 .text.DMA1_Stream1_IRQHandler
                0x0000000008001310       0xb8 /home/tony/workdir/stm32h7xxcpplib/output/isrcommon.o
                0x0000000008001310                DMA1_Stream1_IRQHandler
 .text.DMA1_Stream2_IRQHandler
                0x00000000080013c8       0xbc /home/tony/workdir/stm32h7xxcpplib/output/isrcommon.o
                0x00000000080013c8                DMA1_Stream2_IRQHandler
 .text.DMA1_Stream3_IRQHandler
                0x0000000008001484       0xbc /home/tony/workdir/stm32h7xxcpplib/output/isrcommon.o
                0x0000000008001484                DMA1_Stream3_IRQHandler
 .text.DMA1_Stream4_IRQHandler
                0x0000000008001540       0xb4 /home/tony/workdir/stm32h7xxcpplib/output/isrcommon.o
                0x0000000008001540                DMA1_Stream4_IRQHandler
 .text.DMA1_Stream5_IRQHandler
                0x00000000080015f4       0xc4 /home/tony/workdir/stm32h7xxcpplib/output/isrcommon.o
                0x00000000080015f4                DMA1_Stream5_IRQHandler
 .text.DMA1_Stream6_IRQHandler
                0x00000000080016b8       0xc4 /home/tony/workdir/stm32h7xxcpplib/output/isrcommon.o
                0x00000000080016b8                DMA1_Stream6_IRQHandler
 .text.DMA1_Stream7_IRQHandler
                0x000000000800177c       0xc4 /home/tony/workdir/stm32h7xxcpplib/output/isrcommon.o
                0x000000000800177c                DMA1_Stream7_IRQHandler
 .text.DMA2_Stream0_IRQHandler
                0x0000000008001840       0xa8 /home/tony/workdir/stm32h7xxcpplib/output/isrcommon.o
                0x0000000008001840                DMA2_Stream0_IRQHandler
 .text.DMA2_Stream1_IRQHandler
                0x00000000080018e8       0xb0 /home/tony/workdir/stm32h7xxcpplib/output/isrcommon.o
                0x00000000080018e8                DMA2_Stream1_IRQHandler
 .text.DMA2_Stream2_IRQHandler
                0x0000000008001998       0xbc /home/tony/workdir/stm32h7xxcpplib/output/isrcommon.o
                0x0000000008001998                DMA2_Stream2_IRQHandler
 .text.DMA2_Stream3_IRQHandler
                0x0000000008001a54       0xc8 /home/tony/workdir/stm32h7xxcpplib/output/isrcommon.o
                0x0000000008001a54                DMA2_Stream3_IRQHandler
 .text.DMA2_Stream4_IRQHandler
                0x0000000008001b1c       0xc0 /home/tony/workdir/stm32h7xxcpplib/output/isrcommon.o
                0x0000000008001b1c                DMA2_Stream4_IRQHandler
 .text.DMA2_Stream5_IRQHandler
                0x0000000008001bdc       0xd0 /home/tony/workdir/stm32h7xxcpplib/output/isrcommon.o
                0x0000000008001bdc                DMA2_Stream5_IRQHandler
 .text.DMA2_Stream6_IRQHandler
                0x0000000008001cac       0xd0 /home/tony/workdir/stm32h7xxcpplib/output/isrcommon.o
                0x0000000008001cac                DMA2_Stream6_IRQHandler
 .text.DMA2_Stream7_IRQHandler
                0x0000000008001d7c       0xd0 /home/tony/workdir/stm32h7xxcpplib/output/isrcommon.o
                0x0000000008001d7c                DMA2_Stream7_IRQHandler
 .text.BDMA_Channel0_IRQHandler
                0x0000000008001e4c       0x8c /home/tony/workdir/stm32h7xxcpplib/output/isrcommon.o
                0x0000000008001e4c                BDMA_Channel0_IRQHandler
 .text.BDMA_Channel1_IRQHandler
                0x0000000008001ed8       0x8c /home/tony/workdir/stm32h7xxcpplib/output/isrcommon.o
                0x0000000008001ed8                BDMA_Channel1_IRQHandler
 .text.BDMA_Channel2_IRQHandler
                0x0000000008001f64       0x94 /home/tony/workdir/stm32h7xxcpplib/output/isrcommon.o
                0x0000000008001f64                BDMA_Channel2_IRQHandler
 .text.BDMA_Channel3_IRQHandler
                0x0000000008001ff8       0x94 /home/tony/workdir/stm32h7xxcpplib/output/isrcommon.o
                0x0000000008001ff8                BDMA_Channel3_IRQHandler
 .text.BDMA_Channel4_IRQHandler
                0x000000000800208c       0x94 /home/tony/workdir/stm32h7xxcpplib/output/isrcommon.o
                0x000000000800208c                BDMA_Channel4_IRQHandler
 .text.BDMA_Channel5_IRQHandler
                0x0000000008002120       0x94 /home/tony/workdir/stm32h7xxcpplib/output/isrcommon.o
                0x0000000008002120                BDMA_Channel5_IRQHandler
 .text.BDMA_Channel6_IRQHandler
                0x00000000080021b4       0x98 /home/tony/workdir/stm32h7xxcpplib/output/isrcommon.o
                0x00000000080021b4                BDMA_Channel6_IRQHandler
 .text.BDMA_Channel7_IRQHandler
                0x000000000800224c       0x98 /home/tony/workdir/stm32h7xxcpplib/output/isrcommon.o
                0x000000000800224c                BDMA_Channel7_IRQHandler
 .text.DMAMUX1_OVR_IRQHandler
                0x00000000080022e4       0x20 /home/tony/workdir/stm32h7xxcpplib/output/isrcommon.o
                0x00000000080022e4                DMAMUX1_OVR_IRQHandler
 .text.DMAMUX2_OVR_IRQHandler
                0x0000000008002304       0x20 /home/tony/workdir/stm32h7xxcpplib/output/isrcommon.o
                0x0000000008002304                DMAMUX2_OVR_IRQHandler
 .text.registerRTCIsrCb
                0x0000000008002324       0x44 /home/tony/workdir/stm32h7xxcpplib/output/isrcommon.o
                0x0000000008002324                registerRTCIsrCb
 .text.unRegisterRTCIsrCb
                0x0000000008002368       0x4c /home/tony/workdir/stm32h7xxcpplib/output/isrcommon.o
                0x0000000008002368                unRegisterRTCIsrCb
 .text.TAMP_STAMP_IRQHandler
                0x00000000080023b4      0x100 /home/tony/workdir/stm32h7xxcpplib/output/isrcommon.o
                0x00000000080023b4                TAMP_STAMP_IRQHandler
 .text.RTC_WKUP_IRQHandler
                0x00000000080024b4       0x40 /home/tony/workdir/stm32h7xxcpplib/output/isrcommon.o
                0x00000000080024b4                RTC_WKUP_IRQHandler
 .text.RTC_Alarm_IRQHandler
                0x00000000080024f4       0x6c /home/tony/workdir/stm32h7xxcpplib/output/isrcommon.o
                0x00000000080024f4                RTC_Alarm_IRQHandler
 .text.initTick
                0x0000000008002560       0x78 /home/tony/workdir/stm32h7xxcpplib/output/isrcommon.o
                0x0000000008002560                initTick
 .text.incTick  0x00000000080025d8       0x18 /home/tony/workdir/stm32h7xxcpplib/output/isrcommon.o
                0x00000000080025d8                incTick
 .text.getTick  0x00000000080025f0        0xc /home/tony/workdir/stm32h7xxcpplib/output/isrcommon.o
                0x00000000080025f0                getTick
 .text.getTickPrio
                0x00000000080025fc        0xc /home/tony/workdir/stm32h7xxcpplib/output/isrcommon.o
                0x00000000080025fc                getTickPrio
 .text.setTickFreq
                0x0000000008002608       0x28 /home/tony/workdir/stm32h7xxcpplib/output/isrcommon.o
                0x0000000008002608                setTickFreq
 .text.getTickFreq
                0x0000000008002630        0xc /home/tony/workdir/stm32h7xxcpplib/output/isrcommon.o
                0x0000000008002630                getTickFreq
 .text.delayTick
                0x000000000800263c       0x24 /home/tony/workdir/stm32h7xxcpplib/output/isrcommon.o
                0x000000000800263c                delayTick
 .text.NMI_Handler
                0x0000000008002660        0x2 /home/tony/workdir/stm32h7xxcpplib/output/stm32h7xx_it.o
                0x0000000008002660                NMI_Handler
 .text.MemManage_Handler
                0x0000000008002662        0x2 /home/tony/workdir/stm32h7xxcpplib/output/stm32h7xx_it.o
                0x0000000008002662                MemManage_Handler
 .text.BusFault_Handler
                0x0000000008002664        0x2 /home/tony/workdir/stm32h7xxcpplib/output/stm32h7xx_it.o
                0x0000000008002664                BusFault_Handler
 .text.UsageFault_Handler
                0x0000000008002666        0x2 /home/tony/workdir/stm32h7xxcpplib/output/stm32h7xx_it.o
                0x0000000008002666                UsageFault_Handler
 .text.DebugMon_Handler
                0x0000000008002668        0x2 /home/tony/workdir/stm32h7xxcpplib/output/stm32h7xx_it.o
                0x0000000008002668                DebugMon_Handler
 *fill*         0x000000000800266a        0x2 
 .text.SystemInit
                0x000000000800266c       0x70 /home/tony/workdir/stm32h7xxcpplib/output/system_stm32h7xx.o
                0x000000000800266c                SystemInit
 .text.SystemCoreClockUpdate
                0x00000000080026dc      0x144 /home/tony/workdir/stm32h7xxcpplib/output/system_stm32h7xx.o
                0x00000000080026dc                SystemCoreClockUpdate
 .text._read    0x0000000008002820       0x20 /home/tony/workdir/stm32h7xxcpplib/output/printfremap.o
                0x0000000008002820                _read
 .text._write   0x0000000008002840       0x20 /home/tony/workdir/stm32h7xxcpplib/output/printfremap.o
                0x0000000008002840                _write
 .text._ZN10RCCControlD2Ev
                0x0000000008002860        0x2 /home/tony/workdir/stm32h7xxcpplib/output/main.o
                0x0000000008002860                RCCControl::~RCCControl()
                0x0000000008002860                RCCControl::~RCCControl()
 .text._ZN4mMemD2Ev
                0x0000000008002862        0x2 /home/tony/workdir/stm32h7xxcpplib/output/main.o
                0x0000000008002862                mMem::~mMem()
                0x0000000008002862                mMem::~mMem()
 .text._ZNSt17_Function_handlerIFvvEZ4mainEUlvE0_E10_M_managerERSt9_Any_dataRKS3_St18_Manager_operation
                0x0000000008002864       0x3c /home/tony/workdir/stm32h7xxcpplib/output/main.o
 .text._ZNSt17_Function_handlerIFvvEZ4mainEUlvE_E10_M_managerERSt9_Any_dataRKS3_St18_Manager_operation
                0x00000000080028a0        0xa /home/tony/workdir/stm32h7xxcpplib/output/main.o
 .text._ZNSt14_Function_baseD2Ev
                0x00000000080028aa       0x12 /home/tony/workdir/stm32h7xxcpplib/output/main.o
                0x00000000080028aa                std::_Function_base::~_Function_base()
                0x00000000080028aa                std::_Function_base::~_Function_base()
 .text._ZN3LED3offEv
                0x00000000080028bc       0x18 /home/tony/workdir/stm32h7xxcpplib/output/main.o
                0x00000000080028bc                LED::off()
 .text._ZN3LEDC2EP12GPIO_TypeDefmb
                0x00000000080028d4       0xdc /home/tony/workdir/stm32h7xxcpplib/output/main.o
                0x00000000080028d4                LED::LED(GPIO_TypeDef*, unsigned long, bool)
                0x00000000080028d4                LED::LED(GPIO_TypeDef*, unsigned long, bool)
 .text._ZN3LED7reverseEv
                0x00000000080029b0       0x16 /home/tony/workdir/stm32h7xxcpplib/output/main.o
                0x00000000080029b0                LED::reverse()
 *fill*         0x00000000080029c6        0x2 
 .text._ZNSt17_Function_handlerIFvvEZ4mainEUlvE0_E9_M_invokeERKSt9_Any_data
                0x00000000080029c8       0x34 /home/tony/workdir/stm32h7xxcpplib/output/main.o
 .text._ZN4mMem11getInstanceEv
                0x00000000080029fc       0x54 /home/tony/workdir/stm32h7xxcpplib/output/main.o
                0x00000000080029fc                mMem::getInstance()
 .text._ZNSt17_Function_handlerIFvvEZ4mainEUlvE_E9_M_invokeERKSt9_Any_data
                0x0000000008002a50       0x28 /home/tony/workdir/stm32h7xxcpplib/output/main.o
 .text.startup.main
                0x0000000008002a78       0xdc /home/tony/workdir/stm32h7xxcpplib/output/main.o
                0x0000000008002a78                main
 .text._ZN4mIrqD2Ev
                0x0000000008002b54        0x2 /home/tony/workdir/stm32h7xxcpplib/output/board.o
                0x0000000008002b54                mIrq::~mIrq()
                0x0000000008002b54                mIrq::~mIrq()
 .text._ZN6mClockD2Ev
                0x0000000008002b56        0x2 /home/tony/workdir/stm32h7xxcpplib/output/board.o
                0x0000000008002b56                mClock::~mClock()
                0x0000000008002b56                mClock::~mClock()
 .text._ZN4mIrq11getInstanceEv
                0x0000000008002b58       0x40 /home/tony/workdir/stm32h7xxcpplib/output/board.o
                0x0000000008002b58                mIrq::getInstance()
 .text.SysTick_Handler
                0x0000000008002b98       0x58 /home/tony/workdir/stm32h7xxcpplib/output/board.o
                0x0000000008002b98                SysTick_Handler
 .text._Z9boardInitv
                0x0000000008002bf0       0x6c /home/tony/workdir/stm32h7xxcpplib/output/board.o
                0x0000000008002bf0                boardInit()
 .text.hwStackInit
                0x0000000008002c5c       0x40 /home/tony/workdir/stm32h7xxcpplib/output/cpuport.o
                0x0000000008002c5c                hwStackInit
 .text.hwHardFaultException
                0x0000000008002c9c        0x2 /home/tony/workdir/stm32h7xxcpplib/output/cpuport.o
                0x0000000008002c9c                hwHardFaultException
 .text._ZN9mScheduleD2Ev
                0x0000000008002c9e        0x2 /home/tony/workdir/stm32h7xxcpplib/output/mclock.o
                0x0000000008002c9e                mSchedule::~mSchedule()
                0x0000000008002c9e                mSchedule::~mSchedule()
 .text._ZN6mClock7tickGetEv
                0x0000000008002ca0        0x4 /home/tony/workdir/stm32h7xxcpplib/output/mclock.o
                0x0000000008002ca0                mClock::tickGet()
 .text._ZN6mClock7tickSetEm
                0x0000000008002ca4        0xe /home/tony/workdir/stm32h7xxcpplib/output/mclock.o
                0x0000000008002ca4                mClock::tickSet(unsigned long)
 *fill*         0x0000000008002cb2        0x2 
 .text._ZN6mClock12tickIncreaseEv
                0x0000000008002cb4       0x88 /home/tony/workdir/stm32h7xxcpplib/output/mclock.o
                0x0000000008002cb4                mClock::tickIncrease()
 .text._ZN6mClock19tickFromMillisecondEl
                0x0000000008002d3c       0x24 /home/tony/workdir/stm32h7xxcpplib/output/mclock.o
                0x0000000008002d3c                mClock::tickFromMillisecond(long)
 .text._ZN6mClock13getRegisterCbEv
                0x0000000008002d60        0x4 /home/tony/workdir/stm32h7xxcpplib/output/mclock.o
                0x0000000008002d60                mClock::getRegisterCb()
 .text._Z15mainThreadEntryPv
                0x0000000008002d64        0x4 /home/tony/workdir/stm32h7xxcpplib/output/mcomponents.o
                0x0000000008002d64                mainThreadEntry(void*)
 .text._ZN9mSchedule11getInstanceEv
                0x0000000008002d68       0x60 /home/tony/workdir/stm32h7xxcpplib/output/mcomponents.o
                0x0000000008002d68                mSchedule::getInstance()
 .text._ZN6mClock11getInstanceEv
                0x0000000008002dc8       0x40 /home/tony/workdir/stm32h7xxcpplib/output/mcomponents.o
                0x0000000008002dc8                mClock::getInstance()
 .text._ZN5mIdleD2Ev
                0x0000000008002e08       0x16 /home/tony/workdir/stm32h7xxcpplib/output/mcomponents.o
                0x0000000008002e08                mIdle::~mIdle()
                0x0000000008002e08                mIdle::~mIdle()
 .text._ZN10mComponetsD2Ev
                0x0000000008002e1e       0x16 /home/tony/workdir/stm32h7xxcpplib/output/mcomponents.o
                0x0000000008002e1e                mComponets::~mComponets()
                0x0000000008002e1e                mComponets::~mComponets()
 .text._ZN6mTimerC2Ev
                0x0000000008002e34       0x38 /home/tony/workdir/stm32h7xxcpplib/output/mcomponents.o
                0x0000000008002e34                mTimer::mTimer()
                0x0000000008002e34                mTimer::mTimer()
 .text._ZN10mComponets7startUpEv
                0x0000000008002e6c       0xcc /home/tony/workdir/stm32h7xxcpplib/output/mcomponents.o
                0x0000000008002e6c                mComponets::startUp()
 .text.entry    0x0000000008002f38       0x74 /home/tony/workdir/stm32h7xxcpplib/output/mcomponents.o
                0x0000000008002f38                entry
 .text._ZN7mObjectD2Ev
                0x0000000008002fac        0x2 /home/tony/workdir/stm32h7xxcpplib/output/midle.o
                0x0000000008002fac                mObject::~mObject()
                0x0000000008002fac                mObject::~mObject()
 .text._ZNSt17_Function_handlerIFvvEZN5mIdle14threadIdleInitEvEUlvE_E10_M_managerERSt9_Any_dataRKS4_St18_Manager_operation
                0x0000000008002fae        0xa /home/tony/workdir/stm32h7xxcpplib/output/midle.o
 .text._ZN5mIdle14threadIdleInitEv
                0x0000000008002fb8       0x48 /home/tony/workdir/stm32h7xxcpplib/output/midle.o
                0x0000000008002fb8                mIdle::threadIdleInit()
 .text._ZN5mIdle4execEv
                0x0000000008003000       0xc8 /home/tony/workdir/stm32h7xxcpplib/output/midle.o
                0x0000000008003000                mIdle::exec()
 .text._ZNSt17_Function_handlerIFvvEZN5mIdle14threadIdleInitEvEUlvE_E9_M_invokeERKSt9_Any_data
                0x00000000080030c8        0x8 /home/tony/workdir/stm32h7xxcpplib/output/midle.o
 .text._ZN7mObject11getInstanceEv
                0x00000000080030d0       0x58 /home/tony/workdir/stm32h7xxcpplib/output/mipc.o
                0x00000000080030d0                mObject::getInstance()
 .text._ZN4mIpc13ipcObjectInitEP12mIpcObject_t
                0x0000000008003128        0x4 /home/tony/workdir/stm32h7xxcpplib/output/mipc.o
                0x0000000008003128                mIpc::ipcObjectInit(mIpcObject_t*)
 .text._ZN4mIpc14ipcListSuspendEP12mIpcObject_tP8thread_t8mIpcFlag
                0x000000000800312c       0x64 /home/tony/workdir/stm32h7xxcpplib/output/mipc.o
                0x000000000800312c                mIpc::ipcListSuspend(mIpcObject_t*, thread_t*, mIpcFlag)
 .text._ZN4mIpc13ipcListResumeEP12mIpcObject_t
                0x0000000008003190        0xe /home/tony/workdir/stm32h7xxcpplib/output/mipc.o
                0x0000000008003190                mIpc::ipcListResume(mIpcObject_t*)
 .text._ZN4mIpc16ipcListResumeAllEP12mIpcObject_t
                0x000000000800319e       0x2e /home/tony/workdir/stm32h7xxcpplib/output/mipc.o
                0x000000000800319e                mIpc::ipcListResumeAll(mIpcObject_t*)
 .text._ZN10mSemaphore11semCreateExEPKcm8mIpcFlag
                0x00000000080031cc       0x38 /home/tony/workdir/stm32h7xxcpplib/output/mipc.o
                0x00000000080031cc                mSemaphore::semCreateEx(char const*, unsigned long, mIpcFlag)
 .text._ZN10mSemaphore9semDeleteEv
                0x0000000008003204       0x60 /home/tony/workdir/stm32h7xxcpplib/output/mipc.o
                0x0000000008003204                mSemaphore::semDelete()
 .text._ZN10mSemaphore4initEPKcm8mIpcFlag
                0x0000000008003264       0x38 /home/tony/workdir/stm32h7xxcpplib/output/mipc.o
                0x0000000008003264                mSemaphore::init(char const*, unsigned long, mIpcFlag)
 .text._ZN10mSemaphore6detachEv
                0x000000000800329c       0x50 /home/tony/workdir/stm32h7xxcpplib/output/mipc.o
                0x000000000800329c                mSemaphore::detach()
 .text._ZN10mSemaphore7semTakeEl
                0x00000000080032ec       0x98 /home/tony/workdir/stm32h7xxcpplib/output/mipc.o
                0x00000000080032ec                mSemaphore::semTake(long)
 .text._ZN10mSemaphore10semTrytakeEv
                0x0000000008003384        0x6 /home/tony/workdir/stm32h7xxcpplib/output/mipc.o
                0x0000000008003384                mSemaphore::semTrytake()
 *fill*         0x000000000800338a        0x2 
 .text._ZN10mSemaphore10semReleaseEv
                0x000000000800338c       0x74 /home/tony/workdir/stm32h7xxcpplib/output/mipc.o
                0x000000000800338c                mSemaphore::semRelease()
 .text._ZN10mSemaphore10semControlE7mIpcCmdPv
                0x0000000008003400       0x54 /home/tony/workdir/stm32h7xxcpplib/output/mipc.o
                0x0000000008003400                mSemaphore::semControl(mIpcCmd, void*)
 .text._ZNK4mIrq33getInterruptNestWithoutDisableIsrEv
                0x0000000008003454        0x4 /home/tony/workdir/stm32h7xxcpplib/output/mirq.o
                0x0000000008003454                mIrq::getInterruptNestWithoutDisableIsr() const
 .text._ZN4mIrq18interruptNestResetEv
                0x0000000008003458        0x6 /home/tony/workdir/stm32h7xxcpplib/output/mirq.o
                0x0000000008003458                mIrq::interruptNestReset()
 .text._ZN4mIrq14interruptEnterEv
                0x000000000800345e       0x18 /home/tony/workdir/stm32h7xxcpplib/output/mirq.o
                0x000000000800345e                mIrq::interruptEnter()
 .text._ZN4mIrq14interruptLeaveEv
                0x0000000008003476       0x18 /home/tony/workdir/stm32h7xxcpplib/output/mirq.o
                0x0000000008003476                mIrq::interruptLeave()
 .text._ZNK4mIrq16interruptGetNestEv
                0x000000000800348e       0x14 /home/tony/workdir/stm32h7xxcpplib/output/mirq.o
                0x000000000800348e                mIrq::interruptGetNest() const
 *fill*         0x00000000080034a2        0x2 
 .text._ZN9mKservice8__rt_ffsEi
                0x00000000080034a4       0x44 /home/tony/workdir/stm32h7xxcpplib/output/mkservice.o
                0x00000000080034a4                mKservice::__rt_ffs(int)
 .text._ZN4mMem4initEPvS0_
                0x00000000080034e8       0x74 /home/tony/workdir/stm32h7xxcpplib/output/mmem.o
                0x00000000080034e8                mMem::init(void*, void*)
 .text._ZN4mMem6mallocEm
                0x000000000800355c      0x128 /home/tony/workdir/stm32h7xxcpplib/output/mmem.o
                0x000000000800355c                mMem::malloc(unsigned long)
 .text._ZN4mMem6callocEmm
                0x0000000008003684       0x22 /home/tony/workdir/stm32h7xxcpplib/output/mmem.o
                0x0000000008003684                mMem::calloc(unsigned long, unsigned long)
 *fill*         0x00000000080036a6        0x2 
 .text._ZN4mMem9plugHolesEP9heapMem_t
                0x00000000080036a8       0x8c /home/tony/workdir/stm32h7xxcpplib/output/mmem.o
                0x00000000080036a8                mMem::plugHoles(heapMem_t*)
 .text._ZN4mMem4freeEPv
                0x0000000008003734       0xf0 /home/tony/workdir/stm32h7xxcpplib/output/mmem.o
                0x0000000008003734                mMem::free(void*)
 .text._ZN4mMem7reallocEPvm
                0x0000000008003824       0xe2 /home/tony/workdir/stm32h7xxcpplib/output/mmem.o
                0x0000000008003824                mMem::realloc(void*, unsigned long)
 .text._Znwj    0x0000000008003906       0x14 /home/tony/workdir/stm32h7xxcpplib/output/mmem.o
                0x0000000008003906                operator new(unsigned int)
 .text._Znaj    0x000000000800391a        0x4 /home/tony/workdir/stm32h7xxcpplib/output/mmem.o
                0x000000000800391a                operator new[](unsigned int)
 .text._ZdlPv   0x000000000800391e       0x14 /home/tony/workdir/stm32h7xxcpplib/output/mmem.o
                0x000000000800391e                operator delete(void*)
 .text._ZdaPv   0x0000000008003932        0x4 /home/tony/workdir/stm32h7xxcpplib/output/mmem.o
                0x0000000008003932                operator delete[](void*)
 .text._ZN7mObject20objectGetInformationE16mObjectClassType
                0x0000000008003936       0x28 /home/tony/workdir/stm32h7xxcpplib/output/mobject.o
                0x0000000008003936                mObject::objectGetInformation(mObjectClassType)
 .text._ZN7mObject15objectGetLengthE16mObjectClassType
                0x000000000800395e       0x28 /home/tony/workdir/stm32h7xxcpplib/output/mobject.o
                0x000000000800395e                mObject::objectGetLength(mObjectClassType)
 .text._ZN7mObject17objectGetPointersE16mObjectClassTypePP9mObject_ti
                0x0000000008003986       0x3e /home/tony/workdir/stm32h7xxcpplib/output/mobject.o
                0x0000000008003986                mObject::objectGetPointers(mObjectClassType, mObject_t**, int)
 .text._ZN7mObject10objectInitEP9mObject_t16mObjectClassTypePKc
                0x00000000080039c4       0x8c /home/tony/workdir/stm32h7xxcpplib/output/mobject.o
                0x00000000080039c4                mObject::objectInit(mObject_t*, mObjectClassType, char const*)
 .text._ZN7mObject12objectDetachEP9mObject_t
                0x0000000008003a50       0x38 /home/tony/workdir/stm32h7xxcpplib/output/mobject.o
                0x0000000008003a50                mObject::objectDetach(mObject_t*)
 .text._ZN7mObject9objectAddEP9mObject_t16mObjectClassTypePKc
                0x0000000008003a88       0x58 /home/tony/workdir/stm32h7xxcpplib/output/mobject.o
                0x0000000008003a88                mObject::objectAdd(mObject_t*, mObjectClassType, char const*)
 .text._ZN7mObject12objectRemoveEP9mObject_t
                0x0000000008003ae0       0x4c /home/tony/workdir/stm32h7xxcpplib/output/mobject.o
                0x0000000008003ae0                mObject::objectRemove(mObject_t*)
 .text._ZN7mObject13objectGetTypeEP9mObject_t
                0x0000000008003b2c       0x24 /home/tony/workdir/stm32h7xxcpplib/output/mobject.o
                0x0000000008003b2c                mObject::objectGetType(mObject_t*)
 .text._ZN7mObject20objectIsSystemobjectEP9mObject_t
                0x0000000008003b50       0x20 /home/tony/workdir/stm32h7xxcpplib/output/mobject.o
                0x0000000008003b50                mObject::objectIsSystemobject(mObject_t*)
 .text._ZN7mObject10objectFindEPKc16mObjectClassType
                0x0000000008003b70       0x52 /home/tony/workdir/stm32h7xxcpplib/output/mobject.o
                0x0000000008003b70                mObject::objectFind(char const*, mObjectClassType)
 .text._ZN7mObject14objectInfoInitEv
                0x0000000008003bc2        0xe /home/tony/workdir/stm32h7xxcpplib/output/mobject.o
                0x0000000008003bc2                mObject::objectInfoInit()
 .text._ZN9mKserviceD2Ev
                0x0000000008003bd0        0x2 /home/tony/workdir/stm32h7xxcpplib/output/mscheduler.o
                0x0000000008003bd0                mKservice::~mKservice()
                0x0000000008003bd0                mKservice::~mKservice()
 *fill*         0x0000000008003bd2        0x2 
 .text._ZN9mKservice11getInstanceEv
                0x0000000008003bd4       0x3c /home/tony/workdir/stm32h7xxcpplib/output/mscheduler.o
                0x0000000008003bd4                mKservice::getInstance()
 .text._ZN9mSchedule19schedulerStackCheckEP8thread_t
                0x0000000008003c10       0x5c /home/tony/workdir/stm32h7xxcpplib/output/mscheduler.o
                0x0000000008003c10                mSchedule::schedulerStackCheck(thread_t*)
 .text._ZN9mSchedule19systemSchedulerInitEv
                0x0000000008003c6c       0x18 /home/tony/workdir/stm32h7xxcpplib/output/mscheduler.o
                0x0000000008003c6c                mSchedule::systemSchedulerInit()
 .text._ZN9mSchedule20systemSchedulerStartEv
                0x0000000008003c84       0x24 /home/tony/workdir/stm32h7xxcpplib/output/mscheduler.o
                0x0000000008003c84                mSchedule::systemSchedulerStart()
 .text._ZN9mSchedule8scheduleEv
                0x0000000008003ca8       0x58 /home/tony/workdir/stm32h7xxcpplib/output/mscheduler.o
                0x0000000008003ca8                mSchedule::schedule()
 .text._ZN9mSchedule20scheduleInsertThreadEP8thread_t
                0x0000000008003d00       0x58 /home/tony/workdir/stm32h7xxcpplib/output/mscheduler.o
                0x0000000008003d00                mSchedule::scheduleInsertThread(thread_t*)
 .text._ZN9mSchedule20scheduleRemoveThreadEP8thread_t
                0x0000000008003d58       0x54 /home/tony/workdir/stm32h7xxcpplib/output/mscheduler.o
                0x0000000008003d58                mSchedule::scheduleRemoveThread(thread_t*)
 .text._ZN9mSchedule13enterCriticalEv
                0x0000000008003dac       0x16 /home/tony/workdir/stm32h7xxcpplib/output/mscheduler.o
                0x0000000008003dac                mSchedule::enterCritical()
 .text._ZN9mSchedule12exitCriticalEv
                0x0000000008003dc2       0x34 /home/tony/workdir/stm32h7xxcpplib/output/mscheduler.o
                0x0000000008003dc2                mSchedule::exitCritical()
 .text._ZN9mSchedule13criticalLevelEv
                0x0000000008003df6        0x4 /home/tony/workdir/stm32h7xxcpplib/output/mscheduler.o
                0x0000000008003df6                mSchedule::criticalLevel()
 .text._ZN9mSchedule16getCurrentThreadEv
                0x0000000008003dfa        0x4 /home/tony/workdir/stm32h7xxcpplib/output/mscheduler.o
                0x0000000008003dfa                mSchedule::getCurrentThread()
 .text._ZN9mSchedule16getThreadDefunctEv
                0x0000000008003dfe        0x4 /home/tony/workdir/stm32h7xxcpplib/output/mscheduler.o
                0x0000000008003dfe                mSchedule::getThreadDefunct()
 .text._ZN9mSchedule22getThreadPriorityTableEh
                0x0000000008003e02        0x8 /home/tony/workdir/stm32h7xxcpplib/output/mscheduler.o
                0x0000000008003e02                mSchedule::getThreadPriorityTable(unsigned char)
 .text._ZN7mthread10threadFuncEPv
                0x0000000008003e0a       0x12 /home/tony/workdir/stm32h7xxcpplib/output/mthread.o
                0x0000000008003e0a                mthread::threadFunc(void*)
 .text._ZN7mthread11threadYieldEv
                0x0000000008003e1c       0x66 /home/tony/workdir/stm32h7xxcpplib/output/mthread.o
                0x0000000008003e1c                mthread::threadYield()
 *fill*         0x0000000008003e82        0x2 
 .text._ZN7mthread13threadTimeoutEPv
                0x0000000008003e84       0x78 /home/tony/workdir/stm32h7xxcpplib/output/mthread.o
                0x0000000008003e84                mthread::threadTimeout(void*)
 .text._ZNSt8functionIFvvEEaSERKS1_.isra.0
                0x0000000008003efc       0x54 /home/tony/workdir/stm32h7xxcpplib/output/mthread.o
 .text._ZN7mthread10threadSelfEv
                0x0000000008003f50        0xe /home/tony/workdir/stm32h7xxcpplib/output/mthread.o
                0x0000000008003f50                mthread::threadSelf()
 *fill*         0x0000000008003f5e        0x2 
 .text._ZN7mthread13threadSuspendEP8thread_t
                0x0000000008003f60       0x78 /home/tony/workdir/stm32h7xxcpplib/output/mthread.o
                0x0000000008003f60                mthread::threadSuspend(thread_t*)
 .text._ZN7mthread11threadSleepEm
                0x0000000008003fd8       0x7c /home/tony/workdir/stm32h7xxcpplib/output/mthread.o
                0x0000000008003fd8                mthread::threadSleep(unsigned long)
 .text._ZN7mthread11threadDelayEm
                0x0000000008004054        0x4 /home/tony/workdir/stm32h7xxcpplib/output/mthread.o
                0x0000000008004054                mthread::threadDelay(unsigned long)
 .text._ZN7mthread12threadMdelayEl
                0x0000000008004058       0x18 /home/tony/workdir/stm32h7xxcpplib/output/mthread.o
                0x0000000008004058                mthread::threadMdelay(long)
 .text._ZN7mthread16threadDelayUntilEPmm
                0x0000000008004070       0xb8 /home/tony/workdir/stm32h7xxcpplib/output/mthread.o
                0x0000000008004070                mthread::threadDelayUntil(unsigned long*, unsigned long)
 .text._ZN7mthread12threadResumeEv
                0x0000000008004128       0x68 /home/tony/workdir/stm32h7xxcpplib/output/mthread.o
                0x0000000008004128                mthread::threadResume()
 .text._ZN7mthread7startupEv
                0x0000000008004190       0x64 /home/tony/workdir/stm32h7xxcpplib/output/mthread.o
                0x0000000008004190                mthread::startup()
 .text._ZN7mthread10threadFindEPc
                0x00000000080041f4       0x16 /home/tony/workdir/stm32h7xxcpplib/output/mthread.o
                0x00000000080041f4                mthread::threadFind(char*)
 .text._ZN7mthread10getThTimerEv
                0x000000000800420a        0x4 /home/tony/workdir/stm32h7xxcpplib/output/mthread.o
                0x000000000800420a                mthread::getThTimer()
 .text._ZNK7mthread4nameEv
                0x000000000800420e        0x2 /home/tony/workdir/stm32h7xxcpplib/output/mthread.o
                0x000000000800420e                mthread::name() const
 .text._ZN7mthread10threadInitEPKcPFvPvES2_S2_mhm
                0x0000000008004210       0x70 /home/tony/workdir/stm32h7xxcpplib/output/mthread.o
                0x0000000008004210                mthread::threadInit(char const*, void (*)(void*), void*, void*, unsigned long, unsigned char, unsigned long)
 .text._ZN7mthread4initEPKcPFvPvES2_S2_mhm
                0x0000000008004280       0x58 /home/tony/workdir/stm32h7xxcpplib/output/mthread.o
                0x0000000008004280                mthread::init(char const*, void (*)(void*), void*, void*, unsigned long, unsigned char, unsigned long)
 .text._ZN7mthread4initEPKcPvmhmRKSt8functionIFvvEE
                0x00000000080042d8       0x38 /home/tony/workdir/stm32h7xxcpplib/output/mthread.o
                0x00000000080042d8                mthread::init(char const*, void*, unsigned long, unsigned char, unsigned long, std::function<void ()> const&)
 .text._ZN7mthread12threadCreateEPKcPFvPvES2_mhm
                0x0000000008004310       0x54 /home/tony/workdir/stm32h7xxcpplib/output/mthread.o
                0x0000000008004310                mthread::threadCreate(char const*, void (*)(void*), void*, unsigned long, unsigned char, unsigned long)
 .text._ZN7mthread12threadCreateEPKcmhmRKSt8functionIFvvEE
                0x0000000008004364       0x30 /home/tony/workdir/stm32h7xxcpplib/output/mthread.o
                0x0000000008004364                mthread::threadCreate(char const*, unsigned long, unsigned char, unsigned long, std::function<void ()> const&)
 .text._ZN7mthread6createEPKcmhmRKSt8functionIFvvEE
                0x0000000008004394       0xa8 /home/tony/workdir/stm32h7xxcpplib/output/mthread.o
                0x0000000008004394                mthread::create(char const*, unsigned long, unsigned char, unsigned long, std::function<void ()> const&)
 .text._ZN7mthread20threadCleanupExecuteEP8thread_t
                0x000000000800443c       0x1c /home/tony/workdir/stm32h7xxcpplib/output/mthread.o
                0x000000000800443c                mthread::threadCleanupExecute(thread_t*)
 .text._ZN7mthread10threadExtiEv
                0x0000000008004458       0x74 /home/tony/workdir/stm32h7xxcpplib/output/mthread.o
                0x0000000008004458                mthread::threadExti()
 .text._ZN7mthread12threadDeleteEv
                0x00000000080044cc       0x9c /home/tony/workdir/stm32h7xxcpplib/output/mthread.o
                0x00000000080044cc                mthread::threadDelete()
 .text._ZN7mthread12threadDetachEv
                0x0000000008004568       0xa8 /home/tony/workdir/stm32h7xxcpplib/output/mthread.o
                0x0000000008004568                mthread::threadDetach()
 .text._ZN7mthread13threadControlE14mthreadCtrlCmdPv
                0x0000000008004610       0xa8 /home/tony/workdir/stm32h7xxcpplib/output/mthread.o
                0x0000000008004610                mthread::threadControl(mthreadCtrlCmd, void*)
 .text.__tcf_0  0x00000000080046b8        0x2 /home/tony/workdir/stm32h7xxcpplib/output/mtimer.o
 .text._ZN6mTimer24mTimerCommonCallbackFuncEPv
                0x00000000080046ba        0xe /home/tony/workdir/stm32h7xxcpplib/output/mtimer.o
                0x00000000080046ba                mTimer::mTimerCommonCallbackFunc(void*)
 .text._ZNSt8functionIFvvEEaSERKS1_.isra.0
                0x00000000080046c8       0x54 /home/tony/workdir/stm32h7xxcpplib/output/mtimer.o
 .text._ZN6mTimer11timerCreateEPKcPFvPvES2_m15mTimerStateFlag
                0x000000000800471c       0x30 /home/tony/workdir/stm32h7xxcpplib/output/mtimer.o
                0x000000000800471c                mTimer::timerCreate(char const*, void (*)(void*), void*, unsigned long, mTimerStateFlag)
 .text._ZN6mTimer11timerCreateEPKcm15mTimerStateFlagRKSt8functionIFvvEE
                0x000000000800474c       0x2c /home/tony/workdir/stm32h7xxcpplib/output/mtimer.o
                0x000000000800474c                mTimer::timerCreate(char const*, unsigned long, mTimerStateFlag, std::function<void ()> const&)
 .text._ZN6mTimer6createEPKcm15mTimerStateFlagRKSt8functionIFvvEE
                0x0000000008004778       0x60 /home/tony/workdir/stm32h7xxcpplib/output/mtimer.o
                0x0000000008004778                mTimer::create(char const*, unsigned long, mTimerStateFlag, std::function<void ()> const&)
 .text._ZN6mTimer4initEPKcPFvPvES2_m15mTimerStateFlag
                0x00000000080047d8       0x30 /home/tony/workdir/stm32h7xxcpplib/output/mtimer.o
                0x00000000080047d8                mTimer::init(char const*, void (*)(void*), void*, unsigned long, mTimerStateFlag)
 .text._ZN6mTimer4initEPKcm15mTimerStateFlagRKSt8functionIFvvEE
                0x0000000008004808       0x2c /home/tony/workdir/stm32h7xxcpplib/output/mtimer.o
                0x0000000008004808                mTimer::init(char const*, unsigned long, mTimerStateFlag, std::function<void ()> const&)
 .text._ZN6mTimer12timerControlE10mTimerCtrlPv
                0x0000000008004834       0x6c /home/tony/workdir/stm32h7xxcpplib/output/mtimer.o
                0x0000000008004834                mTimer::timerControl(mTimerCtrl, void*)
 .text._ZN6mTimer7getTimeEv
                0x00000000080048a0       0x16 /home/tony/workdir/stm32h7xxcpplib/output/mtimer.o
                0x00000000080048a0                mTimer::getTime()
 .text._ZN6mTimer14isTimerActivedEv
                0x00000000080048b6       0x1c /home/tony/workdir/stm32h7xxcpplib/output/mtimer.o
                0x00000000080048b6                mTimer::isTimerActived()
 .text._ZN6mTimer9timerInitEPFvPvES0_m15mTimerStateFlag
                0x00000000080048d2       0x18 /home/tony/workdir/stm32h7xxcpplib/output/mtimer.o
                0x00000000080048d2                mTimer::timerInit(void (*)(void*), void*, unsigned long, mTimerStateFlag)
 .text._ZN6mTimer20timerListNextTimeoutEP7mList_t
                0x00000000080048ea       0x1c /home/tony/workdir/stm32h7xxcpplib/output/mtimer.o
                0x00000000080048ea                mTimer::timerListNextTimeout(mList_t*)
 .text._ZN6mTimer11timerRemoveEP8mTimer_t
                0x0000000008004906       0x12 /home/tony/workdir/stm32h7xxcpplib/output/mtimer.o
                0x0000000008004906                mTimer::timerRemove(mTimer_t*)
 .text._ZN6mTimer11timerDeleteEv
                0x0000000008004918       0x84 /home/tony/workdir/stm32h7xxcpplib/output/mtimer.o
                0x0000000008004918                mTimer::timerDelete()
 .text._ZN6mTimer11timerDetachEv
                0x000000000800499c       0x64 /home/tony/workdir/stm32h7xxcpplib/output/mtimer.o
                0x000000000800499c                mTimer::timerDetach()
 .text._ZN6mTimer5startEv
                0x0000000008004a00       0xa4 /home/tony/workdir/stm32h7xxcpplib/output/mtimer.o
                0x0000000008004a00                mTimer::start()
 .text._ZN6mTimer16setTimerAndStartEm
                0x0000000008004aa4       0x18 /home/tony/workdir/stm32h7xxcpplib/output/mtimer.o
                0x0000000008004aa4                mTimer::setTimerAndStart(unsigned long)
 .text._ZN6mTimer4stopEv
                0x0000000008004abc       0x50 /home/tony/workdir/stm32h7xxcpplib/output/mtimer.o
                0x0000000008004abc                mTimer::stop()
 .text._ZN6mTimer10timerCheckEv
                0x0000000008004b0c       0xa4 /home/tony/workdir/stm32h7xxcpplib/output/mtimer.o
                0x0000000008004b0c                mTimer::timerCheck()
 .text.startup._GLOBAL__sub_I__ZN6mTimer14timerListTotalE
                0x0000000008004bb0       0x1c /home/tony/workdir/stm32h7xxcpplib/output/mtimer.o
 .text._Z9delayInitm
                0x0000000008004bcc        0xc /home/tony/workdir/stm32h7xxcpplib/output/delay.o
                0x0000000008004bcc                delayInit(unsigned long)
 .text._Z7delayUsm
                0x0000000008004bd8       0x30 /home/tony/workdir/stm32h7xxcpplib/output/delay.o
                0x0000000008004bd8                delayUs(unsigned long)
 .text._Z7delayMst
                0x0000000008004c08       0x18 /home/tony/workdir/stm32h7xxcpplib/output/delay.o
                0x0000000008004c08                delayMs(unsigned short)
 .text._ZN6CORTEXD2Ev
                0x0000000008004c20        0x2 /home/tony/workdir/stm32h7xxcpplib/output/systeminit.o
                0x0000000008004c20                CORTEX::~CORTEX()
                0x0000000008004c20                CORTEX::~CORTEX()
 .text._ZN11CORTEXM7MPUD2Ev
                0x0000000008004c22        0x2 /home/tony/workdir/stm32h7xxcpplib/output/systeminit.o
                0x0000000008004c22                CORTEXM7MPU::~CORTEXM7MPU()
                0x0000000008004c22                CORTEXM7MPU::~CORTEXM7MPU()
 .text._ZNSt17_Function_handlerIFvP5USARTmmEZ6hwInitvEUlS1_mmE_E10_M_managerERSt9_Any_dataRKS5_St18_Manager_operation
                0x0000000008004c24        0xa /home/tony/workdir/stm32h7xxcpplib/output/systeminit.o
 *fill*         0x0000000008004c2e        0x2 
 .text._ZNSt17_Function_handlerIFvP5USARTmmEZ6hwInitvEUlS1_mmE_E9_M_invokeERKSt9_Any_dataOS1_OmS9_
                0x0000000008004c30       0x38 /home/tony/workdir/stm32h7xxcpplib/output/systeminit.o
 .text._ZZN5USART4initEmm9USARTMode12USARTWordLen12USARTStopBit11USARTParity11USARTHwCtrlENUlP13USART_TypeDefPvE_4_FUNES6_S7_
                0x0000000008004c68       0x40 /home/tony/workdir/stm32h7xxcpplib/output/systeminit.o
                0x0000000008004c68                USART::init(unsigned long, unsigned long, USARTMode, USARTWordLen, USARTStopBit, USARTParity, USARTHwCtrl)::{lambda(USART_TypeDef*, void*)#1}::_FUN(USART_TypeDef*, void*)
 .text._ZN10RCCControl19APB1GRP1EnableClockE21RCCAPB1GRP1PerClkType.isra.0
                0x0000000008004ca8       0x20 /home/tony/workdir/stm32h7xxcpplib/output/systeminit.o
 .text._ZN10RCCControl16CalcPLLClockFreqEmmmmm.isra.0
                0x0000000008004cc8       0x4c /home/tony/workdir/stm32h7xxcpplib/output/systeminit.o
 .text._ZN10RCCControl18GetSystemClockFreqEv.isra.0
                0x0000000008004d14       0xd4 /home/tony/workdir/stm32h7xxcpplib/output/systeminit.o
 .text._ZN10RCCControl16GetHCLKClockFreqEv.isra.0
                0x0000000008004de8       0x24 /home/tony/workdir/stm32h7xxcpplib/output/systeminit.o
 .text._ZN10RCCControl17GetPCLK1ClockFreqEv.isra.0
                0x0000000008004e0c       0x24 /home/tony/workdir/stm32h7xxcpplib/output/systeminit.o
 .text._ZN10RCCControl17GetPCLK2ClockFreqEv.isra.0
                0x0000000008004e30       0x24 /home/tony/workdir/stm32h7xxcpplib/output/systeminit.o
 .text._ZN10RCCControl17GetUSARTClockFreqE21RCCUSARTxGetClkSource.isra.0
                0x0000000008004e54      0x238 /home/tony/workdir/stm32h7xxcpplib/output/systeminit.o
 .text._ZN10RCCControl11getInstanceEv
                0x000000000800508c       0x3c /home/tony/workdir/stm32h7xxcpplib/output/systeminit.o
                0x000000000800508c                RCCControl::getInstance()
 .text._ZN5USARTD2Ev
                0x00000000080050c8        0xe /home/tony/workdir/stm32h7xxcpplib/output/systeminit.o
                0x00000000080050c8                USART::~USART()
                0x00000000080050c8                USART::~USART()
 *fill*         0x00000000080050d6        0x2 
 .text._ZN5USARTC2EP13USART_TypeDefm9USARTMode12USARTWordLen12USARTStopBit11USARTParity11USARTHwCtrl
                0x00000000080050d8      0x214 /home/tony/workdir/stm32h7xxcpplib/output/systeminit.o
                0x00000000080050d8                USART::USART(USART_TypeDef*, unsigned long, USARTMode, USARTWordLen, USARTStopBit, USARTParity, USARTHwCtrl)
                0x00000000080050d8                USART::USART(USART_TypeDef*, unsigned long, USARTMode, USARTWordLen, USARTStopBit, USARTParity, USARTHwCtrl)
 .text._ZN6CORTEX11getInstanceEv
                0x00000000080052ec       0x3c /home/tony/workdir/stm32h7xxcpplib/output/systeminit.o
                0x00000000080052ec                CORTEX::getInstance()
 .text._ZN11CORTEXM7MPU11getInstanceEv
                0x0000000008005328       0x3c /home/tony/workdir/stm32h7xxcpplib/output/systeminit.o
                0x0000000008005328                CORTEXM7MPU::getInstance()
 .text._Z19mpuMemoryProtectionv
                0x0000000008005364       0x90 /home/tony/workdir/stm32h7xxcpplib/output/systeminit.o
                0x0000000008005364                mpuMemoryProtection()
 .text._Z9clockInitmmmmm
                0x00000000080053f4      0x310 /home/tony/workdir/stm32h7xxcpplib/output/systeminit.o
                0x00000000080053f4                clockInit(unsigned long, unsigned long, unsigned long, unsigned long, unsigned long)
 .text._Z16printfSysMessagev
                0x0000000008005704       0xb0 /home/tony/workdir/stm32h7xxcpplib/output/systeminit.o
                0x0000000008005704                printfSysMessage()
 .text._Z6hwInitv
                0x00000000080057b4      0x2f4 /home/tony/workdir/stm32h7xxcpplib/output/systeminit.o
                0x00000000080057b4                hwInit()
 .text.__aeabi_atexit
                0x0000000008005aa8        0xa /opt/gcc-arm-none-eabi-10.3-2021.10/bin/../lib/gcc/arm-none-eabi/10.3.1/../../../../arm-none-eabi/lib/thumb/v7e-m+fp/hard/libc_nano.a(lib_a-aeabi_atexit.o)
                0x0000000008005aa8                __aeabi_atexit
 *fill*         0x0000000008005ab2        0x2 
 .text.__cxa_atexit
                0x0000000008005ab4       0x1c /opt/gcc-arm-none-eabi-10.3-2021.10/bin/../lib/gcc/arm-none-eabi/10.3.1/../../../../arm-none-eabi/lib/thumb/v7e-m+fp/hard/libc_nano.a(lib_a-cxa_atexit.o)
                0x0000000008005ab4                __cxa_atexit
 .text.exit     0x0000000008005ad0       0x28 /opt/gcc-arm-none-eabi-10.3-2021.10/bin/../lib/gcc/arm-none-eabi/10.3.1/../../../../arm-none-eabi/lib/thumb/v7e-m+fp/hard/libc_nano.a(lib_a-exit.o)
                0x0000000008005ad0                exit
 .text.__libc_init_array
                0x0000000008005af8       0x48 /opt/gcc-arm-none-eabi-10.3-2021.10/bin/../lib/gcc/arm-none-eabi/10.3.1/../../../../arm-none-eabi/lib/thumb/v7e-m+fp/hard/libc_nano.a(lib_a-init.o)
                0x0000000008005af8                __libc_init_array
 .text.memcpy   0x0000000008005b40       0x1c /opt/gcc-arm-none-eabi-10.3-2021.10/bin/../lib/gcc/arm-none-eabi/10.3.1/../../../../arm-none-eabi/lib/thumb/v7e-m+fp/hard/libc_nano.a(lib_a-memcpy-stub.o)
                0x0000000008005b40                memcpy
 .text.memset   0x0000000008005b5c       0x10 /opt/gcc-arm-none-eabi-10.3-2021.10/bin/../lib/gcc/arm-none-eabi/10.3.1/../../../../arm-none-eabi/lib/thumb/v7e-m+fp/hard/libc_nano.a(lib_a-memset.o)
                0x0000000008005b5c                memset
 .text._printf_r
                0x0000000008005b6c       0x28 /opt/gcc-arm-none-eabi-10.3-2021.10/bin/../lib/gcc/arm-none-eabi/10.3.1/../../../../arm-none-eabi/lib/thumb/v7e-m+fp/hard/libc_nano.a(lib_a-printf.o)
                0x0000000008005b6c                _printf_r
                0x0000000008005b6c                _iprintf_r
 .text.printf   0x0000000008005b94       0x30 /opt/gcc-arm-none-eabi-10.3-2021.10/bin/../lib/gcc/arm-none-eabi/10.3.1/../../../../arm-none-eabi/lib/thumb/v7e-m+fp/hard/libc_nano.a(lib_a-printf.o)
                0x0000000008005b94                printf
                0x0000000008005b94                iprintf
 .text.strncmp  0x0000000008005bc4       0x28 /opt/gcc-arm-none-eabi-10.3-2021.10/bin/../lib/gcc/arm-none-eabi/10.3.1/../../../../arm-none-eabi/lib/thumb/v7e-m+fp/hard/libc_nano.a(lib_a-strncmp.o)
                0x0000000008005bc4                strncmp
 .text.strncpy  0x0000000008005bec       0x26 /opt/gcc-arm-none-eabi-10.3-2021.10/bin/../lib/gcc/arm-none-eabi/10.3.1/../../../../arm-none-eabi/lib/thumb/v7e-m+fp/hard/libc_nano.a(lib_a-strncpy.o)
                0x0000000008005bec                strncpy
 *fill*         0x0000000008005c12        0x2 
 .text.std      0x0000000008005c14       0x48 /opt/gcc-arm-none-eabi-10.3-2021.10/bin/../lib/gcc/arm-none-eabi/10.3.1/../../../../arm-none-eabi/lib/thumb/v7e-m+fp/hard/libc_nano.a(lib_a-findfp.o)
 .text._cleanup_r
                0x0000000008005c5c        0xc /opt/gcc-arm-none-eabi-10.3-2021.10/bin/../lib/gcc/arm-none-eabi/10.3.1/../../../../arm-none-eabi/lib/thumb/v7e-m+fp/hard/libc_nano.a(lib_a-findfp.o)
                0x0000000008005c5c                _cleanup_r
 .text.__fp_lock
                0x0000000008005c68       0x18 /opt/gcc-arm-none-eabi-10.3-2021.10/bin/../lib/gcc/arm-none-eabi/10.3.1/../../../../arm-none-eabi/lib/thumb/v7e-m+fp/hard/libc_nano.a(lib_a-findfp.o)
 .text.__fp_unlock
                0x0000000008005c80       0x18 /opt/gcc-arm-none-eabi-10.3-2021.10/bin/../lib/gcc/arm-none-eabi/10.3.1/../../../../arm-none-eabi/lib/thumb/v7e-m+fp/hard/libc_nano.a(lib_a-findfp.o)
 .text.__sfmoreglue
                0x0000000008005c98       0x2c /opt/gcc-arm-none-eabi-10.3-2021.10/bin/../lib/gcc/arm-none-eabi/10.3.1/../../../../arm-none-eabi/lib/thumb/v7e-m+fp/hard/libc_nano.a(lib_a-findfp.o)
                0x0000000008005c98                __sfmoreglue
 .text._cleanup
                0x0000000008005cc4        0xc /opt/gcc-arm-none-eabi-10.3-2021.10/bin/../lib/gcc/arm-none-eabi/10.3.1/../../../../arm-none-eabi/lib/thumb/v7e-m+fp/hard/libc_nano.a(lib_a-findfp.o)
                0x0000000008005cc4                _cleanup
 .text.__sfp_lock_acquire
                0x0000000008005cd0        0xc /opt/gcc-arm-none-eabi-10.3-2021.10/bin/../lib/gcc/arm-none-eabi/10.3.1/../../../../arm-none-eabi/lib/thumb/v7e-m+fp/hard/libc_nano.a(lib_a-findfp.o)
                0x0000000008005cd0                __sfp_lock_acquire
 .text.__sfp_lock_release
                0x0000000008005cdc        0xc /opt/gcc-arm-none-eabi-10.3-2021.10/bin/../lib/gcc/arm-none-eabi/10.3.1/../../../../arm-none-eabi/lib/thumb/v7e-m+fp/hard/libc_nano.a(lib_a-findfp.o)
                0x0000000008005cdc                __sfp_lock_release
 .text.__sinit_lock_acquire
                0x0000000008005ce8        0xc /opt/gcc-arm-none-eabi-10.3-2021.10/bin/../lib/gcc/arm-none-eabi/10.3.1/../../../../arm-none-eabi/lib/thumb/v7e-m+fp/hard/libc_nano.a(lib_a-findfp.o)
                0x0000000008005ce8                __sinit_lock_acquire
 .text.__sinit_lock_release
                0x0000000008005cf4        0xc /opt/gcc-arm-none-eabi-10.3-2021.10/bin/../lib/gcc/arm-none-eabi/10.3.1/../../../../arm-none-eabi/lib/thumb/v7e-m+fp/hard/libc_nano.a(lib_a-findfp.o)
                0x0000000008005cf4                __sinit_lock_release
 .text.__sinit  0x0000000008005d00       0x70 /opt/gcc-arm-none-eabi-10.3-2021.10/bin/../lib/gcc/arm-none-eabi/10.3.1/../../../../arm-none-eabi/lib/thumb/v7e-m+fp/hard/libc_nano.a(lib_a-findfp.o)
                0x0000000008005d00                __sinit
 .text.__sfp    0x0000000008005d70       0x8c /opt/gcc-arm-none-eabi-10.3-2021.10/bin/../lib/gcc/arm-none-eabi/10.3.1/../../../../arm-none-eabi/lib/thumb/v7e-m+fp/hard/libc_nano.a(lib_a-findfp.o)
                0x0000000008005d70                __sfp
 .text.__fp_lock_all
                0x0000000008005dfc       0x1c /opt/gcc-arm-none-eabi-10.3-2021.10/bin/../lib/gcc/arm-none-eabi/10.3.1/../../../../arm-none-eabi/lib/thumb/v7e-m+fp/hard/libc_nano.a(lib_a-findfp.o)
                0x0000000008005dfc                __fp_lock_all
 .text.__fp_unlock_all
                0x0000000008005e18       0x1c /opt/gcc-arm-none-eabi-10.3-2021.10/bin/../lib/gcc/arm-none-eabi/10.3.1/../../../../arm-none-eabi/lib/thumb/v7e-m+fp/hard/libc_nano.a(lib_a-findfp.o)
                0x0000000008005e18                __fp_unlock_all
 .text._fwalk   0x0000000008005e34       0x3a /opt/gcc-arm-none-eabi-10.3-2021.10/bin/../lib/gcc/arm-none-eabi/10.3.1/../../../../arm-none-eabi/lib/thumb/v7e-m+fp/hard/libc_nano.a(lib_a-fwalk.o)
                0x0000000008005e34                _fwalk
 .text._fwalk_reent
                0x0000000008005e6e       0x3e /opt/gcc-arm-none-eabi-10.3-2021.10/bin/../lib/gcc/arm-none-eabi/10.3.1/../../../../arm-none-eabi/lib/thumb/v7e-m+fp/hard/libc_nano.a(lib_a-fwalk.o)
                0x0000000008005e6e                _fwalk_reent
 .text.__retarget_lock_init
                0x0000000008005eac        0x2 /opt/gcc-arm-none-eabi-10.3-2021.10/bin/../lib/gcc/arm-none-eabi/10.3.1/../../../../arm-none-eabi/lib/thumb/v7e-m+fp/hard/libc_nano.a(lib_a-lock.o)
                0x0000000008005eac                __retarget_lock_init
 .text.__retarget_lock_init_recursive
                0x0000000008005eae        0x2 /opt/gcc-arm-none-eabi-10.3-2021.10/bin/../lib/gcc/arm-none-eabi/10.3.1/../../../../arm-none-eabi/lib/thumb/v7e-m+fp/hard/libc_nano.a(lib_a-lock.o)
                0x0000000008005eae                __retarget_lock_init_recursive
 .text.__retarget_lock_close
                0x0000000008005eb0        0x2 /opt/gcc-arm-none-eabi-10.3-2021.10/bin/../lib/gcc/arm-none-eabi/10.3.1/../../../../arm-none-eabi/lib/thumb/v7e-m+fp/hard/libc_nano.a(lib_a-lock.o)
                0x0000000008005eb0                __retarget_lock_close
 .text.__retarget_lock_close_recursive
                0x0000000008005eb2        0x2 /opt/gcc-arm-none-eabi-10.3-2021.10/bin/../lib/gcc/arm-none-eabi/10.3.1/../../../../arm-none-eabi/lib/thumb/v7e-m+fp/hard/libc_nano.a(lib_a-lock.o)
                0x0000000008005eb2                __retarget_lock_close_recursive
 .text.__retarget_lock_acquire
                0x0000000008005eb4        0x2 /opt/gcc-arm-none-eabi-10.3-2021.10/bin/../lib/gcc/arm-none-eabi/10.3.1/../../../../arm-none-eabi/lib/thumb/v7e-m+fp/hard/libc_nano.a(lib_a-lock.o)
                0x0000000008005eb4                __retarget_lock_acquire
 .text.__retarget_lock_acquire_recursive
                0x0000000008005eb6        0x2 /opt/gcc-arm-none-eabi-10.3-2021.10/bin/../lib/gcc/arm-none-eabi/10.3.1/../../../../arm-none-eabi/lib/thumb/v7e-m+fp/hard/libc_nano.a(lib_a-lock.o)
                0x0000000008005eb6                __retarget_lock_acquire_recursive
 .text.__retarget_lock_try_acquire
                0x0000000008005eb8        0x4 /opt/gcc-arm-none-eabi-10.3-2021.10/bin/../lib/gcc/arm-none-eabi/10.3.1/../../../../arm-none-eabi/lib/thumb/v7e-m+fp/hard/libc_nano.a(lib_a-lock.o)
                0x0000000008005eb8                __retarget_lock_try_acquire
 .text.__retarget_lock_try_acquire_recursive
                0x0000000008005ebc        0x4 /opt/gcc-arm-none-eabi-10.3-2021.10/bin/../lib/gcc/arm-none-eabi/10.3.1/../../../../arm-none-eabi/lib/thumb/v7e-m+fp/hard/libc_nano.a(lib_a-lock.o)
                0x0000000008005ebc                __retarget_lock_try_acquire_recursive
 .text.__retarget_lock_release
                0x0000000008005ec0        0x2 /opt/gcc-arm-none-eabi-10.3-2021.10/bin/../lib/gcc/arm-none-eabi/10.3.1/../../../../arm-none-eabi/lib/thumb/v7e-m+fp/hard/libc_nano.a(lib_a-lock.o)
                0x0000000008005ec0                __retarget_lock_release
 .text.__retarget_lock_release_recursive
                0x0000000008005ec2        0x2 /opt/gcc-arm-none-eabi-10.3-2021.10/bin/../lib/gcc/arm-none-eabi/10.3.1/../../../../arm-none-eabi/lib/thumb/v7e-m+fp/hard/libc_nano.a(lib_a-lock.o)
                0x0000000008005ec2                __retarget_lock_release_recursive
 .text.sbrk_aligned
                0x0000000008005ec4       0x40 /opt/gcc-arm-none-eabi-10.3-2021.10/bin/../lib/gcc/arm-none-eabi/10.3.1/../../../../arm-none-eabi/lib/thumb/v7e-m+fp/hard/libc_nano.a(lib_a-nano-mallocr.o)
 .text._malloc_r
                0x0000000008005f04       0xe8 /opt/gcc-arm-none-eabi-10.3-2021.10/bin/../lib/gcc/arm-none-eabi/10.3.1/../../../../arm-none-eabi/lib/thumb/v7e-m+fp/hard/libc_nano.a(lib_a-nano-mallocr.o)
                0x0000000008005f04                _malloc_r
 .text.__sfputc_r
                0x0000000008005fec       0x2e /opt/gcc-arm-none-eabi-10.3-2021.10/bin/../lib/gcc/arm-none-eabi/10.3.1/../../../../arm-none-eabi/lib/thumb/v7e-m+fp/hard/libc_nano.a(lib_a-nano-vfprintf.o)
 .text.__sfputs_r
                0x000000000800601a       0x24 /opt/gcc-arm-none-eabi-10.3-2021.10/bin/../lib/gcc/arm-none-eabi/10.3.1/../../../../arm-none-eabi/lib/thumb/v7e-m+fp/hard/libc_nano.a(lib_a-nano-vfprintf.o)
                0x000000000800601a                __sfputs_r
 .text.__sprint_r
                0x000000000800603e       0x1a /opt/gcc-arm-none-eabi-10.3-2021.10/bin/../lib/gcc/arm-none-eabi/10.3.1/../../../../arm-none-eabi/lib/thumb/v7e-m+fp/hard/libc_nano.a(lib_a-nano-vfprintf.o)
                0x000000000800603e                __sprint_r
 .text._vfprintf_r
                0x0000000008006058      0x260 /opt/gcc-arm-none-eabi-10.3-2021.10/bin/../lib/gcc/arm-none-eabi/10.3.1/../../../../arm-none-eabi/lib/thumb/v7e-m+fp/hard/libc_nano.a(lib_a-nano-vfprintf.o)
                0x0000000008006058                _vfiprintf_r
                0x0000000008006058                _vfprintf_r
 .text.vfprintf
                0x00000000080062b8       0x14 /opt/gcc-arm-none-eabi-10.3-2021.10/bin/../lib/gcc/arm-none-eabi/10.3.1/../../../../arm-none-eabi/lib/thumb/v7e-m+fp/hard/libc_nano.a(lib_a-nano-vfprintf.o)
                0x00000000080062b8                vfiprintf
                0x00000000080062b8                vfprintf
 .text._printf_common
                0x00000000080062cc       0xda /opt/gcc-arm-none-eabi-10.3-2021.10/bin/../lib/gcc/arm-none-eabi/10.3.1/../../../../arm-none-eabi/lib/thumb/v7e-m+fp/hard/libc_nano.a(lib_a-nano-vfprintf_i.o)
                0x00000000080062cc                _printf_common
 *fill*         0x00000000080063a6        0x2 
 .text._printf_i
                0x00000000080063a8      0x24c /opt/gcc-arm-none-eabi-10.3-2021.10/bin/../lib/gcc/arm-none-eabi/10.3.1/../../../../arm-none-eabi/lib/thumb/v7e-m+fp/hard/libc_nano.a(lib_a-nano-vfprintf_i.o)
                0x00000000080063a8                _printf_i
 .text._sbrk_r  0x00000000080065f4       0x20 /opt/gcc-arm-none-eabi-10.3-2021.10/bin/../lib/gcc/arm-none-eabi/10.3.1/../../../../arm-none-eabi/lib/thumb/v7e-m+fp/hard/libc_nano.a(lib_a-sbrkr.o)
                0x00000000080065f4                _sbrk_r
 .text.__sread  0x0000000008006614       0x22 /opt/gcc-arm-none-eabi-10.3-2021.10/bin/../lib/gcc/arm-none-eabi/10.3.1/../../../../arm-none-eabi/lib/thumb/v7e-m+fp/hard/libc_nano.a(lib_a-stdio.o)
                0x0000000008006614                __sread
 .text.__seofread
                0x0000000008006636        0x4 /opt/gcc-arm-none-eabi-10.3-2021.10/bin/../lib/gcc/arm-none-eabi/10.3.1/../../../../arm-none-eabi/lib/thumb/v7e-m+fp/hard/libc_nano.a(lib_a-stdio.o)
                0x0000000008006636                __seofread
 .text.__swrite
                0x000000000800663a       0x38 /opt/gcc-arm-none-eabi-10.3-2021.10/bin/../lib/gcc/arm-none-eabi/10.3.1/../../../../arm-none-eabi/lib/thumb/v7e-m+fp/hard/libc_nano.a(lib_a-stdio.o)
                0x000000000800663a                __swrite
 .text.__sseek  0x0000000008006672       0x24 /opt/gcc-arm-none-eabi-10.3-2021.10/bin/../lib/gcc/arm-none-eabi/10.3.1/../../../../arm-none-eabi/lib/thumb/v7e-m+fp/hard/libc_nano.a(lib_a-stdio.o)
                0x0000000008006672                __sseek
 .text.__sclose
                0x0000000008006696        0x8 /opt/gcc-arm-none-eabi-10.3-2021.10/bin/../lib/gcc/arm-none-eabi/10.3.1/../../../../arm-none-eabi/lib/thumb/v7e-m+fp/hard/libc_nano.a(lib_a-stdio.o)
                0x0000000008006696                __sclose
 *fill*         0x000000000800669e        0x2 
 .text.__swbuf_r
                0x00000000080066a0       0xa4 /opt/gcc-arm-none-eabi-10.3-2021.10/bin/../lib/gcc/arm-none-eabi/10.3.1/../../../../arm-none-eabi/lib/thumb/v7e-m+fp/hard/libc_nano.a(lib_a-wbuf.o)